Archive member included to satisfy reference by file (symbol)

E:/STM32STUFF/stmSystem/STM32CubeIDE_1.18.1/STM32CubeIDE/plugins/com.st.stm32cube.ide.mcu.externaltools.gnu-tools-for-stm32.13.3.rel1.win32_1.0.0.202411081344/tools/bin/../lib/gcc/arm-none-eabi/13.3.1/../../../../arm-none-eabi/lib/thumb/v7e-m+dp/hard\libc_nano.a(libc_a-exit.o)
                              E:/STM32STUFF/stmSystem/STM32CubeIDE_1.18.1/STM32CubeIDE/plugins/com.st.stm32cube.ide.mcu.externaltools.gnu-tools-for-stm32.13.3.rel1.win32_1.0.0.202411081344/tools/bin/../lib/gcc/arm-none-eabi/13.3.1/../../../../arm-none-eabi/lib/thumb/v7e-m+dp/hard/crt0.o (exit)
E:/STM32STUFF/stmSystem/STM32CubeIDE_1.18.1/STM32CubeIDE/plugins/com.st.stm32cube.ide.mcu.externaltools.gnu-tools-for-stm32.13.3.rel1.win32_1.0.0.202411081344/tools/bin/../lib/gcc/arm-none-eabi/13.3.1/../../../../arm-none-eabi/lib/thumb/v7e-m+dp/hard\libc_nano.a(libc_a-findfp.o)
                              E:/STM32STUFF/stmSystem/STM32CubeIDE_1.18.1/STM32CubeIDE/plugins/com.st.stm32cube.ide.mcu.externaltools.gnu-tools-for-stm32.13.3.rel1.win32_1.0.0.202411081344/tools/bin/../lib/gcc/arm-none-eabi/13.3.1/../../../../arm-none-eabi/lib/thumb/v7e-m+dp/hard\libc_nano.a(libc_a-exit.o) (__stdio_exit_handler)
E:/STM32STUFF/stmSystem/STM32CubeIDE_1.18.1/STM32CubeIDE/plugins/com.st.stm32cube.ide.mcu.externaltools.gnu-tools-for-stm32.13.3.rel1.win32_1.0.0.202411081344/tools/bin/../lib/gcc/arm-none-eabi/13.3.1/../../../../arm-none-eabi/lib/thumb/v7e-m+dp/hard\libc_nano.a(libc_a-fwalk.o)
                              E:/STM32STUFF/stmSystem/STM32CubeIDE_1.18.1/STM32CubeIDE/plugins/com.st.stm32cube.ide.mcu.externaltools.gnu-tools-for-stm32.13.3.rel1.win32_1.0.0.202411081344/tools/bin/../lib/gcc/arm-none-eabi/13.3.1/../../../../arm-none-eabi/lib/thumb/v7e-m+dp/hard\libc_nano.a(libc_a-findfp.o) (_fwalk_sglue)
E:/STM32STUFF/stmSystem/STM32CubeIDE_1.18.1/STM32CubeIDE/plugins/com.st.stm32cube.ide.mcu.externaltools.gnu-tools-for-stm32.13.3.rel1.win32_1.0.0.202411081344/tools/bin/../lib/gcc/arm-none-eabi/13.3.1/../../../../arm-none-eabi/lib/thumb/v7e-m+dp/hard\libc_nano.a(libc_a-printf.o)
                              ./Core/Src/main.o (printf)
E:/STM32STUFF/stmSystem/STM32CubeIDE_1.18.1/STM32CubeIDE/plugins/com.st.stm32cube.ide.mcu.externaltools.gnu-tools-for-stm32.13.3.rel1.win32_1.0.0.202411081344/tools/bin/../lib/gcc/arm-none-eabi/13.3.1/../../../../arm-none-eabi/lib/thumb/v7e-m+dp/hard\libc_nano.a(libc_a-stdio.o)
                              E:/STM32STUFF/stmSystem/STM32CubeIDE_1.18.1/STM32CubeIDE/plugins/com.st.stm32cube.ide.mcu.externaltools.gnu-tools-for-stm32.13.3.rel1.win32_1.0.0.202411081344/tools/bin/../lib/gcc/arm-none-eabi/13.3.1/../../../../arm-none-eabi/lib/thumb/v7e-m+dp/hard\libc_nano.a(libc_a-findfp.o) (__sread)
E:/STM32STUFF/stmSystem/STM32CubeIDE_1.18.1/STM32CubeIDE/plugins/com.st.stm32cube.ide.mcu.externaltools.gnu-tools-for-stm32.13.3.rel1.win32_1.0.0.202411081344/tools/bin/../lib/gcc/arm-none-eabi/13.3.1/../../../../arm-none-eabi/lib/thumb/v7e-m+dp/hard\libc_nano.a(libc_a-memset.o)
                              E:/STM32STUFF/stmSystem/STM32CubeIDE_1.18.1/STM32CubeIDE/plugins/com.st.stm32cube.ide.mcu.externaltools.gnu-tools-for-stm32.13.3.rel1.win32_1.0.0.202411081344/tools/bin/../lib/gcc/arm-none-eabi/13.3.1/../../../../arm-none-eabi/lib/thumb/v7e-m+dp/hard/crt0.o (memset)
E:/STM32STUFF/stmSystem/STM32CubeIDE_1.18.1/STM32CubeIDE/plugins/com.st.stm32cube.ide.mcu.externaltools.gnu-tools-for-stm32.13.3.rel1.win32_1.0.0.202411081344/tools/bin/../lib/gcc/arm-none-eabi/13.3.1/../../../../arm-none-eabi/lib/thumb/v7e-m+dp/hard\libc_nano.a(libc_a-closer.o)
                              E:/STM32STUFF/stmSystem/STM32CubeIDE_1.18.1/STM32CubeIDE/plugins/com.st.stm32cube.ide.mcu.externaltools.gnu-tools-for-stm32.13.3.rel1.win32_1.0.0.202411081344/tools/bin/../lib/gcc/arm-none-eabi/13.3.1/../../../../arm-none-eabi/lib/thumb/v7e-m+dp/hard\libc_nano.a(libc_a-stdio.o) (_close_r)
E:/STM32STUFF/stmSystem/STM32CubeIDE_1.18.1/STM32CubeIDE/plugins/com.st.stm32cube.ide.mcu.externaltools.gnu-tools-for-stm32.13.3.rel1.win32_1.0.0.202411081344/tools/bin/../lib/gcc/arm-none-eabi/13.3.1/../../../../arm-none-eabi/lib/thumb/v7e-m+dp/hard\libc_nano.a(libc_a-reent.o)
                              E:/STM32STUFF/stmSystem/STM32CubeIDE_1.18.1/STM32CubeIDE/plugins/com.st.stm32cube.ide.mcu.externaltools.gnu-tools-for-stm32.13.3.rel1.win32_1.0.0.202411081344/tools/bin/../lib/gcc/arm-none-eabi/13.3.1/../../../../arm-none-eabi/lib/thumb/v7e-m+dp/hard\libc_nano.a(libc_a-closer.o) (errno)
E:/STM32STUFF/stmSystem/STM32CubeIDE_1.18.1/STM32CubeIDE/plugins/com.st.stm32cube.ide.mcu.externaltools.gnu-tools-for-stm32.13.3.rel1.win32_1.0.0.202411081344/tools/bin/../lib/gcc/arm-none-eabi/13.3.1/../../../../arm-none-eabi/lib/thumb/v7e-m+dp/hard\libc_nano.a(libc_a-impure.o)
[...]
Memory Configuration

Name             Origin             Length             Attributes
ITCMRAM          0x00000000         0x00010000         xrw
DTCMRAM          0x20000000         0x00020000         xrw
FLASH            0x08000000         0x00100000         xr
RAM_D1           0x24000000         0x00050000         xrw
RAM_D2           0x30000000         0x00008000         xrw
RAM_D3           0x38000000         0x00004000         xrw
*default*        0x00000000         0xffffffff

Linker script and memory map

LOAD E:/STM32STUFF/stmSystem/STM32CubeIDE_1.18.1/STM32CubeIDE/plugins/com.st.stm32cube.ide.mcu.externaltools.gnu-tools-for-stm32.13.3.rel1.win32_1.0.0.202411081344/tools/bin/../lib/gcc/arm-none-eabi/13.3.1/thumb/v7e-m+dp/hard/crti.o
LOAD E:/STM32STUFF/stmSystem/STM32CubeIDE_1.18.1/STM32CubeIDE/plugins/com.st.stm32cube.ide.mcu.externaltools.gnu-tools-for-stm32.13.3.rel1.win32_1.0.0.202411081344/tools/bin/../lib/gcc/arm-none-eabi/13.3.1/thumb/v7e-m+dp/hard/crtbegin.o
LOAD E:/STM32STUFF/stmSystem/STM32CubeIDE_1.18.1/STM32CubeIDE/plugins/com.st.stm32cube.ide.mcu.externaltools.gnu-tools-for-stm32.13.3.rel1.win32_1.0.0.202411081344/tools/bin/../lib/gcc/arm-none-eabi/13.3.1/../../../../arm-none-eabi/lib/thumb/v7e-m+dp/hard/crt0.o
LOAD ./Core/Src/main.o
LOAD ./Core/Src/stm32h7xx_hal_msp.o
LOAD ./Core/Src/stm32h7xx_it.o
LOAD ./Core/Src/syscalls.o
LOAD ./Core/Src/sysmem.o
LOAD ./Core/Src/system_stm32h7xx.o
LOAD ./Core/Startup/startup_stm32h723zgtx.o
LOAD ./Drivers/STM32H7xx_HAL_Driver/Src/stm32h7xx_hal.o
LOAD ./Drivers/STM32H7xx_HAL_Driver/Src/stm32h7xx_hal_cortex.o
LOAD ./Drivers/STM32H7xx_HAL_Driver/Src/stm32h7xx_hal_dma.o
LOAD ./Drivers/STM32H7xx_HAL_Driver/Src/stm32h7xx_hal_dma_ex.o
LOAD ./Drivers/STM32H7xx_HAL_Driver/Src/stm32h7xx_hal_exti.o
LOAD ./Drivers/STM32H7xx_HAL_Driver/Src/stm32h7xx_hal_flash.o
LOAD ./Drivers/STM32H7xx_HAL_Driver/Src/stm32h7xx_hal_flash_ex.o
LOAD ./Drivers/STM32H7xx_HAL_Driver/Src/stm32h7xx_hal_gpio.o
LOAD ./Drivers/STM32H7xx_HAL_Driver/Src/stm32h7xx_hal_hsem.o
LOAD ./Drivers/STM32H7xx_HAL_Driver/Src/stm32h7xx_hal_i2c.o
LOAD ./Drivers/STM32H7xx_HAL_Driver/Src/stm32h7xx_hal_i2c_ex.o
LOAD ./Drivers/STM32H7xx_HAL_Driver/Src/stm32h7xx_hal_mdma.o
LOAD ./Drivers/STM32H7xx_HAL_Driver/Src/stm32h7xx_hal_pwr.o
LOAD ./Drivers/STM32H7xx_HAL_Driver/Src/stm32h7xx_hal_pwr_ex.o
LOAD ./Drivers/STM32H7xx_HAL_Driver/Src/stm32h7xx_hal_rcc.o
LOAD ./Drivers/STM32H7xx_HAL_Driver/Src/stm32h7xx_hal_rcc_ex.o
LOAD ./Drivers/STM32H7xx_HAL_Driver/Src/stm32h7xx_hal_tim.o
LOAD ./Drivers/STM32H7xx_HAL_Driver/Src/stm32h7xx_hal_tim_ex.o
LOAD ./Drivers/STM32H7xx_HAL_Driver/Src/stm32h7xx_hal_uart.o
LOAD ./Drivers/STM32H7xx_HAL_Driver/Src/stm32h7xx_hal_uart_ex.o
START GROUP
LOAD E:/STM32STUFF/stmSystem/STM32CubeIDE_1.18.1/STM32CubeIDE/plugins/com.st.stm32cube.ide.mcu.externaltools.gnu-tools-for-stm32.13.3.rel1.win32_1.0.0.202411081344/tools/bin/../lib/gcc/arm-none-eabi/13.3.1/../../../../arm-none-eabi/lib/thumb/v7e-m+dp/hard\libc_nano.a
LOAD E:/STM32STUFF/stmSystem/STM32CubeIDE_1.18.1/STM32CubeIDE/plugins/com.st.stm32cube.ide.mcu.externaltools.gnu-tools-for-stm32.13.3.rel1.win32_1.0.0.202411081344/tools/bin/../lib/gcc/arm-none-eabi/13.3.1/../../../../arm-none-eabi/lib/thumb/v7e-m+dp/hard\libm.a
END GROUP
START GROUP
LOAD E:/STM32STUFF/stmSystem/STM32CubeIDE_1.18.1/STM32CubeIDE/plugins/com.st.stm32cube.ide.mcu.externaltools.gnu-tools-for-stm32.13.3.rel1.win32_1.0.0.202411081344/tools/bin/../lib/gcc/arm-none-eabi/13.3.1/thumb/v7e-m+dp/hard\libgcc.a
LOAD E:/STM32STUFF/stmSystem/STM32CubeIDE_1.18.1/STM32CubeIDE/plugins/com.st.stm32cube.ide.mcu.externaltools.gnu-tools-for-stm32.13.3.rel1.win32_1.0.0.202411081344/tools/bin/../lib/gcc/arm-none-eabi/13.3.1/../../../../arm-none-eabi/lib/thumb/v7e-m+dp/hard\libc_nano.a
END GROUP
START GROUP
LOAD E:/STM32STUFF/stmSystem/STM32CubeIDE_1.18.1/STM32CubeIDE/plugins/com.st.stm32cube.ide.mcu.externaltools.gnu-tools-for-stm32.13.3.rel1.win32_1.0.0.202411081344/tools/bin/../lib/gcc/arm-none-eabi/13.3.1/thumb/v7e-m+dp/hard\libgcc.a
LOAD E:/STM32STUFF/stmSystem/STM32CubeIDE_1.18.1/STM32CubeIDE/plugins/com.st.stm32cube.ide.mcu.externaltools.gnu-tools-for-stm32.13.3.rel1.win32_1.0.0.202411081344/tools/bin/../lib/gcc/arm-none-eabi/13.3.1/../../../../arm-none-eabi/lib/thumb/v7e-m+dp/hard\libc_nano.a
LOAD E:/STM32STUFF/stmSystem/STM32CubeIDE_1.18.1/STM32CubeIDE/plugins/com.st.stm32cube.ide.mcu.externaltools.gnu-tools-for-stm32.13.3.rel1.win32_1.0.0.202411081344/tools/bin/../lib/gcc/arm-none-eabi/13.3.1/../../../../arm-none-eabi/lib/thumb/v7e-m+dp/hard\libnosys.a
END GROUP
START GROUP
LOAD E:/STM32STUFF/stmSystem/STM32CubeIDE_1.18.1/STM32CubeIDE/plugins/com.st.stm32cube.ide.mcu.externaltools.gnu-tools-for-stm32.13.3.rel1.win32_1.0.0.202411081344/tools/bin/../lib/gcc/arm-none-eabi/13.3.1/thumb/v7e-m+dp/hard\libgcc.a
LOAD E:/STM32STUFF/stmSystem/STM32CubeIDE_1.18.1/STM32CubeIDE/plugins/com.st.stm32cube.ide.mcu.externaltools.gnu-tools-for-stm32.13.3.rel1.win32_1.0.0.202411081344/tools/bin/../lib/gcc/arm-none-eabi/13.3.1/../../../../arm-none-eabi/lib/thumb/v7e-m+dp/hard\libc_nano.a
LOAD E:/STM32STUFF/stmSystem/STM32CubeIDE_1.18.1/STM32CubeIDE/plugins/com.st.stm32cube.ide.mcu.externaltools.gnu-tools-for-stm32.13.3.rel1.win32_1.0.0.202411081344/tools/bin/../lib/gcc/arm-none-eabi/13.3.1/../../../../arm-none-eabi/lib/thumb/v7e-m+dp/hard\libnosys.a
END GROUP
LOAD E:/STM32STUFF/stmSystem/STM32CubeIDE_1.18.1/STM32CubeIDE/plugins/com.st.stm32cube.ide.mcu.externaltools.gnu-tools-for-stm32.13.3.rel1.win32_1.0.0.202411081344/tools/bin/../lib/gcc/arm-none-eabi/13.3.1/thumb/v7e-m+dp/hard/crtend.o
LOAD E:/STM32STUFF/stmSystem/STM32CubeIDE_1.18.1/STM32CubeIDE/plugins/com.st.stm32cube.ide.mcu.externaltools.gnu-tools-for-stm32.13.3.rel1.win32_1.0.0.202411081344/tools/bin/../lib/gcc/arm-none-eabi/13.3.1/thumb/v7e-m+dp/hard/crtn.o
                0x24050000                        _estack = (ORIGIN (RAM_D1) + LENGTH (RAM_D1))
                0x00000200                        _Min_Heap_Size = 0x200
                0x00000400                        _Min_Stack_Size = 0x400

.isr_vector     0x08000000      0x2cc
                0x08000000                        . = ALIGN (0x4)
 *(.isr_vector)
 .isr_vector    0x08000000      0x2cc ./Core/Startup/startup_stm32h723zgtx.o
                0x08000000                g_pfnVectors
                0x080002cc                        . = ALIGN (0x4)

.text           0x080002d0     0x81a8
                0x080002d0                        . = ALIGN (0x4)
 *(.text)
 .text          0x080002d0       0x40 E:/STM32STUFF/stmSystem/STM32CubeIDE_1.18.1/STM32CubeIDE/plugins/com.st.stm32cube.ide.mcu.externaltools.gnu-tools-for-stm32.13.3.rel1.win32_1.0.0.202411081344/tools/bin/../lib/gcc/arm-none-eabi/13.3.1/thumb/v7e-m+dp/hard/crtbegin.o
 .text          0x08000310       0xa0 E:/STM32STUFF/stmSystem/STM32CubeIDE_1.18.1/STM32CubeIDE/plugins/com.st.stm32cube.ide.mcu.externaltools.gnu-tools-for-stm32.13.3.rel1.win32_1.0.0.202411081344/tools/bin/../lib/gcc/arm-none-eabi/13.3.1/../../../../arm-none-eabi/lib/thumb/v7e-m+dp/hard\libc_nano.a(libc_a-memchr.o)
                0x08000310                memchr
 .text          0x080003b0       0x30 E:/STM32STUFF/stmSystem/STM32CubeIDE_1.18.1/STM32CubeIDE/plugins/com.st.stm32cube.ide.mcu.externaltools.gnu-tools-for-stm32.13.3.rel1.win32_1.0.0.202411081344/tools/bin/../lib/gcc/arm-none-eabi/13.3.1/thumb/v7e-m+dp/hard\libgcc.a(_aeabi_uldivmod.o)
                0x080003b0                __aeabi_uldivmod
 .text          0x080003e0      0x2f8 E:/STM32STUFF/stmSystem/STM32CubeIDE_1.18.1/STM32CubeIDE/plugins/com.st.stm32cube.ide.mcu.externaltools.gnu-tools-for-stm32.13.3.rel1.win32_1.0.0.202411081344/tools/bin/../lib/gcc/arm-none-eabi/13.3.1/thumb/v7e-m+dp/hard\libgcc.a(_udivmoddi4.o)
                0x080003e0                __udivmoddi4
 .text          0x080006d8        0x4 E:/STM32STUFF/stmSystem/STM32CubeIDE_1.18.1/STM32CubeIDE/plugins/com.st.stm32cube.ide.mcu.externaltools.gnu-tools-for-stm32.13.3.rel1.win32_1.0.0.202411081344/tools/bin/../lib/gcc/arm-none-eabi/13.3.1/thumb/v7e-m+dp/hard\libgcc.a(_dvmd_tls.o)
                0x080006d8                __aeabi_idiv0
                0x080006d8                __aeabi_ldiv0
 *(.text*)
 .text.main     0x080006dc       0x68 ./Core/Src/main.o
                0x080006dc                main
 .text.SystemClock_Config
                0x08000744       0xe0 ./Core/Src/main.o
                0x08000744                SystemClock_Config
 .text.MX_TIM24_Init
                0x08000824       0xac ./Core/Src/main.o
 .text.MX_USART1_UART_Init
                0x080008d0       0x98 ./Core/Src/main.o
 .text.MX_DMA_Init
                0x08000968       0x40 ./Core/Src/main.o
 .text.MX_GPIO_Init
                0x080009a8       0x54 ./Core/Src/main.o
 .text._write   0x080009fc       0x4c ./Core/Src/main.o
                0x080009fc                _write
 .text.MPU_Config
                0x08000a48       0x58 ./Core/Src/main.o
 .text.Error_Handler
                0x08000aa0        0xc ./Core/Src/main.o
                0x08000aa0                Error_Handler
 .text.HAL_MspInit
                0x08000aac       0x34 ./Core/Src/stm32h7xx_hal_msp.o
                0x08000aac                HAL_MspInit
 .text.HAL_TIM_Encoder_MspInit
                0x08000ae0       0xf8 ./Core/Src/stm32h7xx_hal_msp.o
                0x08000ae0                HAL_TIM_Encoder_MspInit
 .text.HAL_UART_MspInit
                0x08000bd8       0xd4 ./Core/Src/stm32h7xx_hal_msp.o
                0x08000bd8                HAL_UART_MspInit
 .text.NMI_Handler
                0x08000cac        0x8 ./Core/Src/stm32h7xx_it.o
                0x08000cac                NMI_Handler
 .text.HardFault_Handler
                0x08000cb4        0x8 ./Core/Src/stm32h7xx_it.o
                0x08000cb4                HardFault_Handler
 .text.MemManage_Handler
                0x08000cbc        0x8 ./Core/Src/stm32h7xx_it.o
                0x08000cbc                MemManage_Handler
 .text.BusFault_Handler
                0x08000cc4        0x8 ./Core/Src/stm32h7xx_it.o
                0x08000cc4                BusFault_Handler
 .text.UsageFault_Handler
                0x08000ccc        0x8 ./Core/Src/stm32h7xx_it.o
                0x08000ccc                UsageFault_Handler
 .text.SVC_Handler
                0x08000cd4        0xe ./Core/Src/stm32h7xx_it.o
                0x08000cd4                SVC_Handler
 .text.DebugMon_Handler
                0x08000ce2        0xe ./Core/Src/stm32h7xx_it.o
                0x08000ce2                DebugMon_Handler
 .text.PendSV_Handler
                0x08000cf0        0xe ./Core/Src/stm32h7xx_it.o
                0x08000cf0                PendSV_Handler
 .text.SysTick_Handler
                0x08000cfe        0xc ./Core/Src/stm32h7xx_it.o
                0x08000cfe                SysTick_Handler
 *fill*         0x08000d0a        0x2 
 .text.DMA1_Stream0_IRQHandler
                0x08000d0c       0x14 ./Core/Src/stm32h7xx_it.o
                0x08000d0c                DMA1_Stream0_IRQHandler
 .text._read    0x08000d20       0x3a ./Core/Src/syscalls.o
                0x08000d20                _read
 .text._close   0x08000d5a       0x18 ./Core/Src/syscalls.o
                0x08000d5a                _close
 .text._fstat   0x08000d72       0x20 ./Core/Src/syscalls.o
                0x08000d72                _fstat
 .text._isatty  0x08000d92       0x16 ./Core/Src/syscalls.o
                0x08000d92                _isatty
 .text._lseek   0x08000da8       0x1a ./Core/Src/syscalls.o
                0x08000da8                _lseek
 *fill*         0x08000dc2        0x2 
 .text._sbrk    0x08000dc4       0x6c ./Core/Src/sysmem.o
                0x08000dc4                _sbrk
 .text.SystemInit
                0x08000e30      0x120 ./Core/Src/system_stm32h7xx.o
                0x08000e30                SystemInit
 .text.ExitRun0Mode
                0x08000f50       0x30 ./Core/Src/system_stm32h7xx.o
                0x08000f50                ExitRun0Mode
 .text.Reset_Handler
                0x08000f80       0x54 ./Core/Startup/startup_stm32h723zgtx.o
                0x08000f80                Reset_Handler
 .text.Default_Handler
                0x08000fd4        0x2 ./Core/Startup/startup_stm32h723zgtx.o
                0x08000fd4                RTC_Alarm_IRQHandler
                0x08000fd4                EXTI2_IRQHandler
                0x08000fd4                TIM8_CC_IRQHandler
                0x08000fd4                UART8_IRQHandler
                0x08000fd4                SPI4_IRQHandler
                0x08000fd4                FDCAN3_IT0_IRQHandler
                0x08000fd4                TIM1_CC_IRQHandler
                0x08000fd4                BDMA_Channel6_IRQHandler
                0x08000fd4                DMA2_Stream5_IRQHandler
                0x08000fd4                DMA1_Stream5_IRQHandler
                0x08000fd4                CORDIC_IRQHandler
                0x08000fd4                BDMA_Channel1_IRQHandler
                0x08000fd4                TAMP_STAMP_IRQHandler
                0x08000fd4                EXTI3_IRQHandler
                0x08000fd4                LPTIM4_IRQHandler
                0x08000fd4                TIM8_TRG_COM_TIM14_IRQHandler
                0x08000fd4                LPTIM2_IRQHandler
                0x08000fd4                DFSDM1_FLT1_IRQHandler
                0x08000fd4                DMAMUX2_OVR_IRQHandler
                0x08000fd4                TIM8_UP_TIM13_IRQHandler
                0x08000fd4                I2C3_ER_IRQHandler
                0x08000fd4                DFSDM1_FLT2_IRQHandler
                0x08000fd4                I2C5_EV_IRQHandler
                0x08000fd4                USART10_IRQHandler
                0x08000fd4                MDMA_IRQHandler
                0x08000fd4                LPTIM3_IRQHandler
                0x08000fd4                HSEM1_IRQHandler
                0x08000fd4                EXTI0_IRQHandler
                0x08000fd4                I2C2_EV_IRQHandler
                0x08000fd4                DMA1_Stream2_IRQHandler
                0x08000fd4                FPU_IRQHandler
                0x08000fd4                OTG_HS_WKUP_IRQHandler
                0x08000fd4                FDCAN1_IT1_IRQHandler
                0x08000fd4                LTDC_ER_IRQHandler
                0x08000fd4                DMA2_Stream2_IRQHandler
                0x08000fd4                SPI1_IRQHandler
                0x08000fd4                OCTOSPI1_IRQHandler
                0x08000fd4                TIM6_DAC_IRQHandler
                0x08000fd4                DMA2_Stream3_IRQHandler
                0x08000fd4                OCTOSPI2_IRQHandler
                0x08000fd4                DFSDM1_FLT3_IRQHandler
                0x08000fd4                TIM23_IRQHandler
                0x08000fd4                USART6_IRQHandler
                0x08000fd4                TIM17_IRQHandler
                0x08000fd4                USART3_IRQHandler
                0x08000fd4                BDMA_Channel7_IRQHandler
                0x08000fd4                LPTIM5_IRQHandler
                0x08000fd4                UART5_IRQHandler
                0x08000fd4                ADC3_IRQHandler
                0x08000fd4                DMA2_Stream0_IRQHandler
                0x08000fd4                TIM4_IRQHandler
                0x08000fd4                BDMA_Channel2_IRQHandler
                0x08000fd4                I2C1_EV_IRQHandler
                0x08000fd4                DMA1_Stream6_IRQHandler
                0x08000fd4                DMAMUX1_OVR_IRQHandler
                0x08000fd4                DMA1_Stream1_IRQHandler
                0x08000fd4                TIM16_IRQHandler
                0x08000fd4                UART4_IRQHandler
                0x08000fd4                BDMA_Channel5_IRQHandler
                0x08000fd4                TIM3_IRQHandler
                0x08000fd4                RCC_IRQHandler
                0x08000fd4                UART9_IRQHandler
                0x08000fd4                TIM8_BRK_TIM12_IRQHandler
                0x08000fd4                TIM1_TRG_COM_IRQHandler
                0x08000fd4                Default_Handler
                0x08000fd4                ECC_IRQHandler
                0x08000fd4                FMAC_IRQHandler
                0x08000fd4                CEC_IRQHandler
                0x08000fd4                EXTI15_10_IRQHandler
                0x08000fd4                BDMA_Channel0_IRQHandler
                0x08000fd4                ADC_IRQHandler
                0x08000fd4                I2C5_ER_IRQHandler
                0x08000fd4                DMA1_Stream7_IRQHandler
                0x08000fd4                SPI5_IRQHandler
                0x08000fd4                TIM7_IRQHandler
                0x08000fd4                FDCAN3_IT1_IRQHandler
                0x08000fd4                SDMMC1_IRQHandler
                0x08000fd4                TIM5_IRQHandler
                0x08000fd4                DMA2_Stream7_IRQHandler
                0x08000fd4                TIM15_IRQHandler
                0x08000fd4                PVD_AVD_IRQHandler
                0x08000fd4                I2C3_EV_IRQHandler
                0x08000fd4                EXTI9_5_IRQHandler
                0x08000fd4                RTC_WKUP_IRQHandler
                0x08000fd4                LTDC_IRQHandler
                0x08000fd4                ETH_WKUP_IRQHandler
                0x08000fd4                SPDIF_RX_IRQHandler
                0x08000fd4                SPI2_IRQHandler
                0x08000fd4                OTG_HS_EP1_IN_IRQHandler
                0x08000fd4                TIM24_IRQHandler
                0x08000fd4                CRS_IRQHandler
                0x08000fd4                EXTI4_IRQHandler
                0x08000fd4                RNG_IRQHandler
                0x08000fd4                FDCAN2_IT1_IRQHandler
                0x08000fd4                ETH_IRQHandler
                0x08000fd4                TIM1_UP_IRQHandler
                0x08000fd4                BDMA_Channel4_IRQHandler
                0x08000fd4                OTG_HS_EP1_OUT_IRQHandler
                0x08000fd4                WWDG_IRQHandler
                0x08000fd4                SPI6_IRQHandler
                0x08000fd4                MDIOS_IRQHandler
                0x08000fd4                I2C4_EV_IRQHandler
                0x08000fd4                FDCAN2_IT0_IRQHandler
                0x08000fd4                LPUART1_IRQHandler
                0x08000fd4                FDCAN1_IT0_IRQHandler
                0x08000fd4                TIM2_IRQHandler
                0x08000fd4                OTG_HS_IRQHandler
                0x08000fd4                DMA2D_IRQHandler
                0x08000fd4                TIM1_BRK_IRQHandler
                0x08000fd4                EXTI1_IRQHandler
                0x08000fd4                SDMMC2_IRQHandler
                0x08000fd4                BDMA_Channel3_IRQHandler
                0x08000fd4                DTS_IRQHandler
                0x08000fd4                UART7_IRQHandler
                0x08000fd4                MDIOS_WKUP_IRQHandler
                0x08000fd4                USART2_IRQHandler
                0x08000fd4                DFSDM1_FLT0_IRQHandler
                0x08000fd4                SAI4_IRQHandler
                0x08000fd4                I2C2_ER_IRQHandler
                0x08000fd4                DMA2_Stream1_IRQHandler
                0x08000fd4                FLASH_IRQHandler
                0x08000fd4                DMA2_Stream4_IRQHandler
                0x08000fd4                USART1_IRQHandler
                0x08000fd4                SPI3_IRQHandler
                0x08000fd4                WAKEUP_PIN_IRQHandler
                0x08000fd4                DMA1_Stream4_IRQHandler
                0x08000fd4                I2C1_ER_IRQHandler
                0x08000fd4                FMC_IRQHandler
                0x08000fd4                FDCAN_CAL_IRQHandler
                0x08000fd4                SWPMI1_IRQHandler
                0x08000fd4                COMP1_IRQHandler
                0x08000fd4                LPTIM1_IRQHandler
                0x08000fd4                DCMI_PSSI_IRQHandler
                0x08000fd4                I2C4_ER_IRQHandler
                0x08000fd4                DMA2_Stream6_IRQHandler
                0x08000fd4                SAI1_IRQHandler
                0x08000fd4                DMA1_Stream3_IRQHandler
 *fill*         0x08000fd6        0x2 
 .text.HAL_Init
                0x08000fd8       0x78 ./Drivers/STM32H7xx_HAL_Driver/Src/stm32h7xx_hal.o
                0x08000fd8                HAL_Init
 .text.HAL_InitTick
                0x08001050       0x6c ./Drivers/STM32H7xx_HAL_Driver/Src/stm32h7xx_hal.o
                0x08001050                HAL_InitTick
 .text.HAL_IncTick
                0x080010bc       0x28 ./Drivers/STM32H7xx_HAL_Driver/Src/stm32h7xx_hal.o
                0x080010bc                HAL_IncTick
 .text.HAL_GetTick
                0x080010e4       0x18 ./Drivers/STM32H7xx_HAL_Driver/Src/stm32h7xx_hal.o
                0x080010e4                HAL_GetTick
 .text.HAL_Delay
                0x080010fc       0x48 ./Drivers/STM32H7xx_HAL_Driver/Src/stm32h7xx_hal.o
                0x080010fc                HAL_Delay
 .text.__NVIC_SetPriorityGrouping
                0x08001144       0x48 ./Drivers/STM32H7xx_HAL_Driver/Src/stm32h7xx_hal_cortex.o
 .text.__NVIC_GetPriorityGrouping
                0x0800118c       0x1c ./Drivers/STM32H7xx_HAL_Driver/Src/stm32h7xx_hal_cortex.o
 .text.__NVIC_EnableIRQ
                0x080011a8       0x3c ./Drivers/STM32H7xx_HAL_Driver/Src/stm32h7xx_hal_cortex.o
 .text.__NVIC_SetPriority
                0x080011e4       0x54 ./Drivers/STM32H7xx_HAL_Driver/Src/stm32h7xx_hal_cortex.o
 .text.NVIC_EncodePriority
                0x08001238       0x66 ./Drivers/STM32H7xx_HAL_Driver/Src/stm32h7xx_hal_cortex.o
 *fill*         0x0800129e        0x2 
 .text.SysTick_Config
                0x080012a0       0x44 ./Drivers/STM32H7xx_HAL_Driver/Src/stm32h7xx_hal_cortex.o
 .text.HAL_NVIC_SetPriorityGrouping
                0x080012e4       0x16 ./Drivers/STM32H7xx_HAL_Driver/Src/stm32h7xx_hal_cortex.o
                0x080012e4                HAL_NVIC_SetPriorityGrouping
 .text.HAL_NVIC_SetPriority
                0x080012fa       0x34 ./Drivers/STM32H7xx_HAL_Driver/Src/stm32h7xx_hal_cortex.o
                0x080012fa                HAL_NVIC_SetPriority
 .text.HAL_NVIC_EnableIRQ
                0x0800132e       0x1c ./Drivers/STM32H7xx_HAL_Driver/Src/stm32h7xx_hal_cortex.o
                0x0800132e                HAL_NVIC_EnableIRQ
 .text.HAL_SYSTICK_Config
                0x0800134a       0x18 ./Drivers/STM32H7xx_HAL_Driver/Src/stm32h7xx_hal_cortex.o
                0x0800134a                HAL_SYSTICK_Config
 *fill*         0x08001362        0x2 
 .text.HAL_MPU_Disable
                0x08001364       0x30 ./Drivers/STM32H7xx_HAL_Driver/Src/stm32h7xx_hal_cortex.o
                0x08001364                HAL_MPU_Disable
 .text.HAL_MPU_Enable
                0x08001394       0x40 ./Drivers/STM32H7xx_HAL_Driver/Src/stm32h7xx_hal_cortex.o
                0x08001394                HAL_MPU_Enable
 .text.HAL_MPU_ConfigRegion
                0x080013d4       0x80 ./Drivers/STM32H7xx_HAL_Driver/Src/stm32h7xx_hal_cortex.o
                0x080013d4                HAL_MPU_ConfigRegion
 .text.HAL_DMA_Init
                0x08001454      0x6b0 ./Drivers/STM32H7xx_HAL_Driver/Src/stm32h7xx_hal_dma.o
                0x08001454                HAL_DMA_Init
 .text.HAL_DMA_IRQHandler
                0x08001b04      0xe54 ./Drivers/STM32H7xx_HAL_Driver/Src/stm32h7xx_hal_dma.o
                0x08001b04                HAL_DMA_IRQHandler
 .text.DMA_CalcBaseAndBitshift
                0x08002958      0x164 ./Drivers/STM32H7xx_HAL_Driver/Src/stm32h7xx_hal_dma.o
 .text.DMA_CheckFifoParam
                0x08002abc       0xf8 ./Drivers/STM32H7xx_HAL_Driver/Src/stm32h7xx_hal_dma.o
 .text.DMA_CalcDMAMUXChannelBaseAndMask
                0x08002bb4      0x134 ./Drivers/STM32H7xx_HAL_Driver/Src/stm32h7xx_hal_dma.o
 .text.DMA_CalcDMAMUXRequestGenBaseAndMask
                0x08002ce8       0xe8 ./Drivers/STM32H7xx_HAL_Driver/Src/stm32h7xx_hal_dma.o
 .text.HAL_GPIO_Init
                0x08002dd0      0x350 ./Drivers/STM32H7xx_HAL_Driver/Src/stm32h7xx_hal_gpio.o
                0x08002dd0                HAL_GPIO_Init
 .text.HAL_PWREx_ConfigSupply
                0x08003120       0x74 ./Drivers/STM32H7xx_HAL_Driver/Src/stm32h7xx_hal_pwr_ex.o
                0x08003120                HAL_PWREx_ConfigSupply
 .text.HAL_RCC_OscConfig
                0x08003194      0x7b4 ./Drivers/STM32H7xx_HAL_Driver/Src/stm32h7xx_hal_rcc.o
                0x08003194                HAL_RCC_OscConfig
 .text.HAL_RCC_ClockConfig
                0x08003948      0x36c ./Drivers/STM32H7xx_HAL_Driver/Src/stm32h7xx_hal_rcc.o
                0x08003948                HAL_RCC_ClockConfig
 .text.HAL_RCC_GetSysClockFreq
                0x08003cb4      0x2f4 ./Drivers/STM32H7xx_HAL_Driver/Src/stm32h7xx_hal_rcc.o
                0x08003cb4                HAL_RCC_GetSysClockFreq
 .text.HAL_RCC_GetHCLKFreq
                0x08003fa8       0x60 ./Drivers/STM32H7xx_HAL_Driver/Src/stm32h7xx_hal_rcc.o
                0x08003fa8                HAL_RCC_GetHCLKFreq
 .text.HAL_RCC_GetPCLK1Freq
                0x08004008       0x2c ./Drivers/STM32H7xx_HAL_Driver/Src/stm32h7xx_hal_rcc.o
                0x08004008                HAL_RCC_GetPCLK1Freq
 .text.HAL_RCC_GetPCLK2Freq
                0x08004034       0x2c ./Drivers/STM32H7xx_HAL_Driver/Src/stm32h7xx_hal_rcc.o
                0x08004034                HAL_RCC_GetPCLK2Freq
 .text.HAL_RCCEx_PeriphCLKConfig
                0x08004060     0x1340 ./Drivers/STM32H7xx_HAL_Driver/Src/stm32h7xx_hal_rcc_ex.o
                0x08004060                HAL_RCCEx_PeriphCLKConfig
 .text.HAL_RCCEx_GetD3PCLK1Freq
                0x080053a0       0x2c ./Drivers/STM32H7xx_HAL_Driver/Src/stm32h7xx_hal_rcc_ex.o
                0x080053a0                HAL_RCCEx_GetD3PCLK1Freq
 .text.HAL_RCCEx_GetPLL2ClockFreq
                0x080053cc      0x2a8 ./Drivers/STM32H7xx_HAL_Driver/Src/stm32h7xx_hal_rcc_ex.o
                0x080053cc                HAL_RCCEx_GetPLL2ClockFreq
 .text.HAL_RCCEx_GetPLL3ClockFreq
                0x08005674      0x2a8 ./Drivers/STM32H7xx_HAL_Driver/Src/stm32h7xx_hal_rcc_ex.o
                0x08005674                HAL_RCCEx_GetPLL3ClockFreq
 .text.RCCEx_PLL2_Config
                0x0800591c      0x164 ./Drivers/STM32H7xx_HAL_Driver/Src/stm32h7xx_hal_rcc_ex.o
 .text.RCCEx_PLL3_Config
                0x08005a80      0x164 ./Drivers/STM32H7xx_HAL_Driver/Src/stm32h7xx_hal_rcc_ex.o
 .text.HAL_TIM_Encoder_Init
                0x08005be4      0x14c ./Drivers/STM32H7xx_HAL_Driver/Src/stm32h7xx_hal_tim.o
                0x08005be4                HAL_TIM_Encoder_Init
 .text.HAL_TIM_Encoder_Start
                0x08005d30      0x11c ./Drivers/STM32H7xx_HAL_Driver/Src/stm32h7xx_hal_tim.o
                0x08005d30                HAL_TIM_Encoder_Start
 .text.TIM_Base_SetConfig
                0x08005e4c      0x158 ./Drivers/STM32H7xx_HAL_Driver/Src/stm32h7xx_hal_tim.o
                0x08005e4c                TIM_Base_SetConfig
 .text.TIM_CCxChannelCmd
                0x08005fa4       0x4a ./Drivers/STM32H7xx_HAL_Driver/Src/stm32h7xx_hal_tim.o
                0x08005fa4                TIM_CCxChannelCmd
 *fill*         0x08005fee        0x2 
 .text.HAL_TIMEx_MasterConfigSynchronization
                0x08005ff0      0x138 ./Drivers/STM32H7xx_HAL_Driver/Src/stm32h7xx_hal_tim_ex.o
                0x08005ff0                HAL_TIMEx_MasterConfigSynchronization
 .text.HAL_UART_Init
                0x08006128       0xa0 ./Drivers/STM32H7xx_HAL_Driver/Src/stm32h7xx_hal_uart.o
                0x08006128                HAL_UART_Init
 .text.HAL_UART_Transmit
                0x080061c8      0x11c ./Drivers/STM32H7xx_HAL_Driver/Src/stm32h7xx_hal_uart.o
                0x080061c8                HAL_UART_Transmit
 .text.UART_SetConfig
                0x080062e4      0xcd8 ./Drivers/STM32H7xx_HAL_Driver/Src/stm32h7xx_hal_uart.o
                0x080062e4                UART_SetConfig
 .text.UART_AdvFeatureConfig
                0x08006fbc      0x144 ./Drivers/STM32H7xx_HAL_Driver/Src/stm32h7xx_hal_uart.o
                0x08006fbc                UART_AdvFeatureConfig
 .text.UART_CheckIdleState
                0x08007100      0x154 ./Drivers/STM32H7xx_HAL_Driver/Src/stm32h7xx_hal_uart.o
                0x08007100                UART_CheckIdleState
 .text.UART_WaitOnFlagUntilTimeout
                0x08007254       0xda ./Drivers/STM32H7xx_HAL_Driver/Src/stm32h7xx_hal_uart.o
                0x08007254                UART_WaitOnFlagUntilTimeout
 *fill*         0x0800732e        0x2 
 .text.UART_EndRxTransfer
                0x08007330       0xcc ./Drivers/STM32H7xx_HAL_Driver/Src/stm32h7xx_hal_uart.o
 .text.HAL_UARTEx_DisableFifoMode
                0x080073fc       0x72 ./Drivers/STM32H7xx_HAL_Driver/Src/stm32h7xx_hal_uart_ex.o
                0x080073fc                HAL_UARTEx_DisableFifoMode
 .text.HAL_UARTEx_SetTxFifoThreshold
                0x0800746e       0x7c ./Drivers/STM32H7xx_HAL_Driver/Src/stm32h7xx_hal_uart_ex.o
                0x0800746e                HAL_UARTEx_SetTxFifoThreshold
 .text.HAL_UARTEx_SetRxFifoThreshold
                0x080074ea       0x7c ./Drivers/STM32H7xx_HAL_Driver/Src/stm32h7xx_hal_uart_ex.o
                0x080074ea                HAL_UARTEx_SetRxFifoThreshold
 *fill*         0x08007566        0x2 
 .text.UARTEx_SetNbDataToProcess
                0x08007568       0x9c ./Drivers/STM32H7xx_HAL_Driver/Src/stm32h7xx_hal_uart_ex.o
 .text.std      0x08007604       0x6c E:/STM32STUFF/stmSystem/STM32CubeIDE_1.18.1/STM32CubeIDE/plugins/com.st.stm32cube.ide.mcu.externaltools.gnu-tools-for-stm32.13.3.rel1.win32_1.0.0.202411081344/tools/bin/../lib/gcc/arm-none-eabi/13.3.1/../../../../arm-none-eabi/lib/thumb/v7e-m+dp/hard\libc_nano.a(libc_a-findfp.o)
 .text.stdio_exit_handler
                0x08007670       0x18 E:/STM32STUFF/stmSystem/STM32CubeIDE_1.18.1/STM32CubeIDE/plugins/com.st.stm32cube.ide.mcu.externaltools.gnu-tools-for-stm32.13.3.rel1.win32_1.0.0.202411081344/tools/bin/../lib/gcc/arm-none-eabi/13.3.1/../../../../arm-none-eabi/lib/thumb/v7e-m+dp/hard\libc_nano.a(libc_a-findfp.o)
 .text.cleanup_stdio
                0x08007688       0x40 E:/STM32STUFF/stmSystem/STM32CubeIDE_1.18.1/STM32CubeIDE/plugins/com.st.stm32cube.ide.mcu.externaltools.gnu-tools-for-stm32.13.3.rel1.win32_1.0.0.202411081344/tools/bin/../lib/gcc/arm-none-eabi/13.3.1/../../../../arm-none-eabi/lib/thumb/v7e-m+dp/hard\libc_nano.a(libc_a-findfp.o)
 .text.global_stdio_init.part.0
                0x080076c8       0x3c E:/STM32STUFF/stmSystem/STM32CubeIDE_1.18.1/STM32CubeIDE/plugins/com.st.stm32cube.ide.mcu.externaltools.gnu-tools-for-stm32.13.3.rel1.win32_1.0.0.202411081344/tools/bin/../lib/gcc/arm-none-eabi/13.3.1/../../../../arm-none-eabi/lib/thumb/v7e-m+dp/hard\libc_nano.a(libc_a-findfp.o)
 .text.__sfp_lock_acquire
                0x08007704        0xc E:/STM32STUFF/stmSystem/STM32CubeIDE_1.18.1/STM32CubeIDE/plugins/com.st.stm32cube.ide.mcu.externaltools.gnu-tools-for-stm32.13.3.rel1.win32_1.0.0.202411081344/tools/bin/../lib/gcc/arm-none-eabi/13.3.1/../../../../arm-none-eabi/lib/thumb/v7e-m+dp/hard\libc_nano.a(libc_a-findfp.o)
                0x08007704                __sfp_lock_acquire
 .text.__sfp_lock_release
                0x08007710        0xc E:/STM32STUFF/stmSystem/STM32CubeIDE_1.18.1/STM32CubeIDE/plugins/com.st.stm32cube.ide.mcu.externaltools.gnu-tools-for-stm32.13.3.rel1.win32_1.0.0.202411081344/tools/bin/../lib/gcc/arm-none-eabi/13.3.1/../../../../arm-none-eabi/lib/thumb/v7e-m+dp/hard\libc_nano.a(libc_a-findfp.o)
                0x08007710                __sfp_lock_release
 .text.__sinit  0x0800771c       0x30 E:/STM32STUFF/stmSystem/STM32CubeIDE_1.18.1/STM32CubeIDE/plugins/com.st.stm32cube.ide.mcu.externaltools.gnu-tools-for-stm32.13.3.rel1.win32_1.0.0.202411081344/tools/bin/../lib/gcc/arm-none-eabi/13.3.1/../../../../arm-none-eabi/lib/thumb/v7e-m+dp/hard\libc_nano.a(libc_a-findfp.o)
                0x0800771c                __sinit
 .text._fwalk_sglue
                0x0800774c       0x3c E:/STM32STUFF/stmSystem/STM32CubeIDE_1.18.1/STM32CubeIDE/plugins/com.st.stm32cube.ide.mcu.externaltools.gnu-tools-for-stm32.13.3.rel1.win32_1.0.0.202411081344/tools/bin/../lib/gcc/arm-none-eabi/13.3.1/../../../../arm-none-eabi/lib/thumb/v7e-m+dp/hard\libc_nano.a(libc_a-fwalk.o)
                0x0800774c                _fwalk_sglue
 .text.printf   0x08007788       0x24 E:/STM32STUFF/stmSystem/STM32CubeIDE_1.18.1/STM32CubeIDE/plugins/com.st.stm32cube.ide.mcu.externaltools.gnu-tools-for-stm32.13.3.rel1.win32_1.0.0.202411081344/tools/bin/../lib/gcc/arm-none-eabi/13.3.1/../../../../arm-none-eabi/lib/thumb/v7e-m+dp/hard\libc_nano.a(libc_a-printf.o)
                0x08007788                iprintf
                0x08007788                printf
 .text.__sread  0x080077ac       0x22 E:/STM32STUFF/stmSystem/STM32CubeIDE_1.18.1/STM32CubeIDE/plugins/com.st.stm32cube.ide.mcu.externaltools.gnu-tools-for-stm32.13.3.rel1.win32_1.0.0.202411081344/tools/bin/../lib/gcc/arm-none-eabi/13.3.1/../../../../arm-none-eabi/lib/thumb/v7e-m+dp/hard\libc_nano.a(libc_a-stdio.o)
                0x080077ac                __sread
 .text.__swrite
                0x080077ce       0x38 E:/STM32STUFF/stmSystem/STM32CubeIDE_1.18.1/STM32CubeIDE/plugins/com.st.stm32cube.ide.mcu.externaltools.gnu-tools-for-stm32.13.3.rel1.win32_1.0.0.202411081344/tools/bin/../lib/gcc/arm-none-eabi/13.3.1/../../../../arm-none-eabi/lib/thumb/v7e-m+dp/hard\libc_nano.a(libc_a-stdio.o)
                0x080077ce                __swrite
 .text.__sseek  0x08007806       0x24 E:/STM32STUFF/stmSystem/STM32CubeIDE_1.18.1/STM32CubeIDE/plugins/com.st.stm32cube.ide.mcu.externaltools.gnu-tools-for-stm32.13.3.rel1.win32_1.0.0.202411081344/tools/bin/../lib/gcc/arm-none-eabi/13.3.1/../../../../arm-none-eabi/lib/thumb/v7e-m+dp/hard\libc_nano.a(libc_a-stdio.o)
                0x08007806                __sseek
 .text.__sclose
                0x0800782a        0x8 E:/STM32STUFF/stmSystem/STM32CubeIDE_1.18.1/STM32CubeIDE/plugins/com.st.stm32cube.ide.mcu.externaltools.gnu-tools-for-stm32.13.3.rel1.win32_1.0.0.202411081344/tools/bin/../lib/gcc/arm-none-eabi/13.3.1/../../../../arm-none-eabi/lib/thumb/v7e-m+dp/hard\libc_nano.a(libc_a-stdio.o)
                0x0800782a                __sclose
 .text.memset   0x08007832       0x10 E:/STM32STUFF/stmSystem/STM32CubeIDE_1.18.1/STM32CubeIDE/plugins/com.st.stm32cube.ide.mcu.externaltools.gnu-tools-for-stm32.13.3.rel1.win32_1.0.0.202411081344/tools/bin/../lib/gcc/arm-none-eabi/13.3.1/../../../../arm-none-eabi/lib/thumb/v7e-m+dp/hard\libc_nano.a(libc_a-memset.o)
                0x08007832                memset
 *fill*         0x08007842        0x2 
 .text._close_r
                0x08007844       0x20 E:/STM32STUFF/stmSystem/STM32CubeIDE_1.18.1/STM32CubeIDE/plugins/com.st.stm32cube.ide.mcu.externaltools.gnu-tools-for-stm32.13.3.rel1.win32_1.0.0.202411081344/tools/bin/../lib/gcc/arm-none-eabi/13.3.1/../../../../arm-none-eabi/lib/thumb/v7e-m+dp/hard\libc_nano.a(libc_a-closer.o)
                0x08007844                _close_r
 .text._lseek_r
                0x08007864       0x24 E:/STM32STUFF/stmSystem/STM32CubeIDE_1.18.1/STM32CubeIDE/plugins/com.st.stm32cube.ide.mcu.externaltools.gnu-tools-for-stm32.13.3.rel1.win32_1.0.0.202411081344/tools/bin/../lib/gcc/arm-none-eabi/13.3.1/../../../../arm-none-eabi/lib/thumb/v7e-m+dp/hard\libc_nano.a(libc_a-lseekr.o)
                0x08007864                _lseek_r
 .text._read_r  0x08007888       0x24 E:/STM32STUFF/stmSystem/STM32CubeIDE_1.18.1/STM32CubeIDE/plugins/com.st.stm32cube.ide.mcu.externaltools.gnu-tools-for-stm32.13.3.rel1.win32_1.0.0.202411081344/tools/bin/../lib/gcc/arm-none-eabi/13.3.1/../../../../arm-none-eabi/lib/thumb/v7e-m+dp/hard\libc_nano.a(libc_a-readr.o)
                0x08007888                _read_r
 .text._write_r
                0x080078ac       0x24 E:/STM32STUFF/stmSystem/STM32CubeIDE_1.18.1/STM32CubeIDE/plugins/com.st.stm32cube.ide.mcu.externaltools.gnu-tools-for-stm32.13.3.rel1.win32_1.0.0.202411081344/tools/bin/../lib/gcc/arm-none-eabi/13.3.1/../../../../arm-none-eabi/lib/thumb/v7e-m+dp/hard\libc_nano.a(libc_a-writer.o)
                0x080078ac                _write_r
 .text.__errno  0x080078d0        0xc E:/STM32STUFF/stmSystem/STM32CubeIDE_1.18.1/STM32CubeIDE/plugins/com.st.stm32cube.ide.mcu.externaltools.gnu-tools-for-stm32.13.3.rel1.win32_1.0.0.202411081344/tools/bin/../lib/gcc/arm-none-eabi/13.3.1/../../../../arm-none-eabi/lib/thumb/v7e-m+dp/hard\libc_nano.a(libc_a-errno.o)
                0x080078d0                __errno
 .text.__libc_init_array
                0x080078dc       0x48 E:/STM32STUFF/stmSystem/STM32CubeIDE_1.18.1/STM32CubeIDE/plugins/com.st.stm32cube.ide.mcu.externaltools.gnu-tools-for-stm32.13.3.rel1.win32_1.0.0.202411081344/tools/bin/../lib/gcc/arm-none-eabi/13.3.1/../../../../arm-none-eabi/lib/thumb/v7e-m+dp/hard\libc_nano.a(libc_a-init.o)
                0x080078dc                __libc_init_array
 .text.__retarget_lock_init_recursive
                0x08007924        0x2 E:/STM32STUFF/stmSystem/STM32CubeIDE_1.18.1/STM32CubeIDE/plugins/com.st.stm32cube.ide.mcu.externaltools.gnu-tools-for-stm32.13.3.rel1.win32_1.0.0.202411081344/tools/bin/../lib/gcc/arm-none-eabi/13.3.1/../../../../arm-none-eabi/lib/thumb/v7e-m+dp/hard\libc_nano.a(libc_a-lock.o)
                0x08007924                __retarget_lock_init_recursive
 .text.__retarget_lock_acquire_recursive
                0x08007926        0x2 E:/STM32STUFF/stmSystem/STM32CubeIDE_1.18.1/STM32CubeIDE/plugins/com.st.stm32cube.ide.mcu.externaltools.gnu-tools-for-stm32.13.3.rel1.win32_1.0.0.202411081344/tools/bin/../lib/gcc/arm-none-eabi/13.3.1/../../../../arm-none-eabi/lib/thumb/v7e-m+dp/hard\libc_nano.a(libc_a-lock.o)
                0x08007926                __retarget_lock_acquire_recursive
 .text.__retarget_lock_release_recursive
                0x08007928        0x2 E:/STM32STUFF/stmSystem/STM32CubeIDE_1.18.1/STM32CubeIDE/plugins/com.st.stm32cube.ide.mcu.externaltools.gnu-tools-for-stm32.13.3.rel1.win32_1.0.0.202411081344/tools/bin/../lib/gcc/arm-none-eabi/13.3.1/../../../../arm-none-eabi/lib/thumb/v7e-m+dp/hard\libc_nano.a(libc_a-lock.o)
                0x08007928                __retarget_lock_release_recursive
 *fill*         0x0800792a        0x2 
 .text._free_r  0x0800792c       0x94 E:/STM32STUFF/stmSystem/STM32CubeIDE_1.18.1/STM32CubeIDE/plugins/com.st.stm32cube.ide.mcu.externaltools.gnu-tools-for-stm32.13.3.rel1.win32_1.0.0.202411081344/tools/bin/../lib/gcc/arm-none-eabi/13.3.1/../../../../arm-none-eabi/lib/thumb/v7e-m+dp/hard\libc_nano.a(libc_a-freer.o)
                0x0800792c                _free_r
 .text.sbrk_aligned
                0x080079c0       0x44 E:/STM32STUFF/stmSystem/STM32CubeIDE_1.18.1/STM32CubeIDE/plugins/com.st.stm32cube.ide.mcu.externaltools.gnu-tools-for-stm32.13.3.rel1.win32_1.0.0.202411081344/tools/bin/../lib/gcc/arm-none-eabi/13.3.1/../../../../arm-none-eabi/lib/thumb/v7e-m+dp/hard\libc_nano.a(libc_a-mallocr.o)
 .text._malloc_r
                0x08007a04      0x100 E:/STM32STUFF/stmSystem/STM32CubeIDE_1.18.1/STM32CubeIDE/plugins/com.st.stm32cube.ide.mcu.externaltools.gnu-tools-for-stm32.13.3.rel1.win32_1.0.0.202411081344/tools/bin/../lib/gcc/arm-none-eabi/13.3.1/../../../../arm-none-eabi/lib/thumb/v7e-m+dp/hard\libc_nano.a(libc_a-mallocr.o)
                0x08007a04                _malloc_r
 .text.__malloc_lock
                0x08007b04        0xc E:/STM32STUFF/stmSystem/STM32CubeIDE_1.18.1/STM32CubeIDE/plugins/com.st.stm32cube.ide.mcu.externaltools.gnu-tools-for-stm32.13.3.rel1.win32_1.0.0.202411081344/tools/bin/../lib/gcc/arm-none-eabi/13.3.1/../../../../arm-none-eabi/lib/thumb/v7e-m+dp/hard\libc_nano.a(libc_a-mlock.o)
                0x08007b04                __malloc_lock
 .text.__malloc_unlock
                0x08007b10        0xc E:/STM32STUFF/stmSystem/STM32CubeIDE_1.18.1/STM32CubeIDE/plugins/com.st.stm32cube.ide.mcu.externaltools.gnu-tools-for-stm32.13.3.rel1.win32_1.0.0.202411081344/tools/bin/../lib/gcc/arm-none-eabi/13.3.1/../../../../arm-none-eabi/lib/thumb/v7e-m+dp/hard\libc_nano.a(libc_a-mlock.o)
                0x08007b10                __malloc_unlock
 .text.__sfputc_r
                0x08007b1c       0x2e E:/STM32STUFF/stmSystem/STM32CubeIDE_1.18.1/STM32CubeIDE/plugins/com.st.stm32cube.ide.mcu.externaltools.gnu-tools-for-stm32.13.3.rel1.win32_1.0.0.202411081344/tools/bin/../lib/gcc/arm-none-eabi/13.3.1/../../../../arm-none-eabi/lib/thumb/v7e-m+dp/hard\libc_nano.a(libc_a-nano-vfprintf.o)
 .text.__sfputs_r
                0x08007b4a       0x24 E:/STM32STUFF/stmSystem/STM32CubeIDE_1.18.1/STM32CubeIDE/plugins/com.st.stm32cube.ide.mcu.externaltools.gnu-tools-for-stm32.13.3.rel1.win32_1.0.0.202411081344/tools/bin/../lib/gcc/arm-none-eabi/13.3.1/../../../../arm-none-eabi/lib/thumb/v7e-m+dp/hard\libc_nano.a(libc_a-nano-vfprintf.o)
                0x08007b4a                __sfputs_r
 *fill*         0x08007b6e        0x2 
 .text._vfprintf_r
                0x08007b70      0x230 E:/STM32STUFF/stmSystem/STM32CubeIDE_1.18.1/STM32CubeIDE/plugins/com.st.stm32cube.ide.mcu.externaltools.gnu-tools-for-stm32.13.3.rel1.win32_1.0.0.202411081344/tools/bin/../lib/gcc/arm-none-eabi/13.3.1/../../../../arm-none-eabi/lib/thumb/v7e-m+dp/hard\libc_nano.a(libc_a-nano-vfprintf.o)
                0x08007b70                _vfprintf_r
                0x08007b70                _vfiprintf_r
 .text._printf_common
                0x08007da0       0xda E:/STM32STUFF/stmSystem/STM32CubeIDE_1.18.1/STM32CubeIDE/plugins/com.st.stm32cube.ide.mcu.externaltools.gnu-tools-for-stm32.13.3.rel1.win32_1.0.0.202411081344/tools/bin/../lib/gcc/arm-none-eabi/13.3.1/../../../../arm-none-eabi/lib/thumb/v7e-m+dp/hard\libc_nano.a(libc_a-nano-vfprintf_i.o)
                0x08007da0                _printf_common
 *fill*         0x08007e7a        0x2 
 .text._printf_i
                0x08007e7c      0x23c E:/STM32STUFF/stmSystem/STM32CubeIDE_1.18.1/STM32CubeIDE/plugins/com.st.stm32cube.ide.mcu.externaltools.gnu-tools-for-stm32.13.3.rel1.win32_1.0.0.202411081344/tools/bin/../lib/gcc/arm-none-eabi/13.3.1/../../../../arm-none-eabi/lib/thumb/v7e-m+dp/hard\libc_nano.a(libc_a-nano-vfprintf_i.o)
                0x08007e7c                _printf_i
 .text.__sflush_r
                0x080080b8      0x108 E:/STM32STUFF/stmSystem/STM32CubeIDE_1.18.1/STM32CubeIDE/plugins/com.st.stm32cube.ide.mcu.externaltools.gnu-tools-for-stm32.13.3.rel1.win32_1.0.0.202411081344/tools/bin/../lib/gcc/arm-none-eabi/13.3.1/../../../../arm-none-eabi/lib/thumb/v7e-m+dp/hard\libc_nano.a(libc_a-fflush.o)
                0x080080b8                __sflush_r
 .text._fflush_r
                0x080081c0       0x50 E:/STM32STUFF/stmSystem/STM32CubeIDE_1.18.1/STM32CubeIDE/plugins/com.st.stm32cube.ide.mcu.externaltools.gnu-tools-for-stm32.13.3.rel1.win32_1.0.0.202411081344/tools/bin/../lib/gcc/arm-none-eabi/13.3.1/../../../../arm-none-eabi/lib/thumb/v7e-m+dp/hard\libc_nano.a(libc_a-fflush.o)
                0x080081c0                _fflush_r
 .text.__swbuf_r
                0x08008210       0x7c E:/STM32STUFF/stmSystem/STM32CubeIDE_1.18.1/STM32CubeIDE/plugins/com.st.stm32cube.ide.mcu.externaltools.gnu-tools-for-stm32.13.3.rel1.win32_1.0.0.202411081344/tools/bin/../lib/gcc/arm-none-eabi/13.3.1/../../../../arm-none-eabi/lib/thumb/v7e-m+dp/hard\libc_nano.a(libc_a-wbuf.o)
                0x08008210                __swbuf_r
 .text.__swsetup_r
                0x0800828c       0xac E:/STM32STUFF/stmSystem/STM32CubeIDE_1.18.1/STM32CubeIDE/plugins/com.st.stm32cube.ide.mcu.externaltools.gnu-tools-for-stm32.13.3.rel1.win32_1.0.0.202411081344/tools/bin/../lib/gcc/arm-none-eabi/13.3.1/../../../../arm-none-eabi/lib/thumb/v7e-m+dp/hard\libc_nano.a(libc_a-wsetup.o)
                0x0800828c                __swsetup_r
 .text._sbrk_r  0x08008338       0x20 E:/STM32STUFF/stmSystem/STM32CubeIDE_1.18.1/STM32CubeIDE/plugins/com.st.stm32cube.ide.mcu.externaltools.gnu-tools-for-stm32.13.3.rel1.win32_1.0.0.202411081344/tools/bin/../lib/gcc/arm-none-eabi/13.3.1/../../../../arm-none-eabi/lib/thumb/v7e-m+dp/hard\libc_nano.a(libc_a-sbrkr.o)
                0x08008338                _sbrk_r
 .text.__swhatbuf_r
                0x08008358       0x4c E:/STM32STUFF/stmSystem/STM32CubeIDE_1.18.1/STM32CubeIDE/plugins/com.st.stm32cube.ide.mcu.externaltools.gnu-tools-for-stm32.13.3.rel1.win32_1.0.0.202411081344/tools/bin/../lib/gcc/arm-none-eabi/13.3.1/../../../../arm-none-eabi/lib/thumb/v7e-m+dp/hard\libc_nano.a(libc_a-makebuf.o)
                0x08008358                __swhatbuf_r
 .text.__smakebuf_r
                0x080083a4       0x78 E:/STM32STUFF/stmSystem/STM32CubeIDE_1.18.1/STM32CubeIDE/plugins/com.st.stm32cube.ide.mcu.externaltools.gnu-tools-for-stm32.13.3.rel1.win32_1.0.0.202411081344/tools/bin/../lib/gcc/arm-none-eabi/13.3.1/../../../../arm-none-eabi/lib/thumb/v7e-m+dp/hard\libc_nano.a(libc_a-makebuf.o)
                0x080083a4                __smakebuf_r
 .text._fstat_r
                0x0800841c       0x24 E:/STM32STUFF/stmSystem/STM32CubeIDE_1.18.1/STM32CubeIDE/plugins/com.st.stm32cube.ide.mcu.externaltools.gnu-tools-for-stm32.13.3.rel1.win32_1.0.0.202411081344/tools/bin/../lib/gcc/arm-none-eabi/13.3.1/../../../../arm-none-eabi/lib/thumb/v7e-m+dp/hard\libc_nano.a(libc_a-fstatr.o)
                0x0800841c                _fstat_r
 .text._isatty_r
                0x08008440       0x20 E:/STM32STUFF/stmSystem/STM32CubeIDE_1.18.1/STM32CubeIDE/plugins/com.st.stm32cube.ide.mcu.externaltools.gnu-tools-for-stm32.13.3.rel1.win32_1.0.0.202411081344/tools/bin/../lib/gcc/arm-none-eabi/13.3.1/../../../../arm-none-eabi/lib/thumb/v7e-m+dp/hard\libc_nano.a(libc_a-isattyr.o)
                0x08008440                _isatty_r
 *(.glue_7)
 .glue_7        0x08008460        0x0 linker stubs
 *(.glue_7t)
 .glue_7t       0x08008460        0x0 linker stubs
 *(.eh_frame)
 .eh_frame      0x08008460        0x0 E:/STM32STUFF/stmSystem/STM32CubeIDE_1.18.1/STM32CubeIDE/plugins/com.st.stm32cube.ide.mcu.externaltools.gnu-tools-for-stm32.13.3.rel1.win32_1.0.0.202411081344/tools/bin/../lib/gcc/arm-none-eabi/13.3.1/thumb/v7e-m+dp/hard/crtbegin.o
 *(.init)
 .init          0x08008460        0x4 E:/STM32STUFF/stmSystem/STM32CubeIDE_1.18.1/STM32CubeIDE/plugins/com.st.stm32cube.ide.mcu.externaltools.gnu-tools-for-stm32.13.3.rel1.win32_1.0.0.202411081344/tools/bin/../lib/gcc/arm-none-eabi/13.3.1/thumb/v7e-m+dp/hard/crti.o
                0x08008460                _init
 .init          0x08008464        0x8 E:/STM32STUFF/stmSystem/STM32CubeIDE_1.18.1/STM32CubeIDE/plugins/com.st.stm32cube.ide.mcu.externaltools.gnu-tools-for-stm32.13.3.rel1.win32_1.0.0.202411081344/tools/bin/../lib/gcc/arm-none-eabi/13.3.1/thumb/v7e-m+dp/hard/crtn.o
 *(.fini)
 .fini          0x0800846c        0x4 E:/STM32STUFF/stmSystem/STM32CubeIDE_1.18.1/STM32CubeIDE/plugins/com.st.stm32cube.ide.mcu.externaltools.gnu-tools-for-stm32.13.3.rel1.win32_1.0.0.202411081344/tools/bin/../lib/gcc/arm-none-eabi/13.3.1/thumb/v7e-m+dp/hard/crti.o
                0x0800846c                _fini
 .fini          0x08008470        0x8 E:/STM32STUFF/stmSystem/STM32CubeIDE_1.18.1/STM32CubeIDE/plugins/com.st.stm32cube.ide.mcu.externaltools.gnu-tools-for-stm32.13.3.rel1.win32_1.0.0.202411081344/tools/bin/../lib/gcc/arm-none-eabi/13.3.1/thumb/v7e-m+dp/hard/crtn.o
                0x08008478                        . = ALIGN (0x4)
                0x08008478                        _etext = .

.vfp11_veneer   0x08008478        0x0
 .vfp11_veneer  0x08008478        0x0 linker stubs

.v4_bx          0x08008478        0x0
 .v4_bx         0x08008478        0x0 linker stubs

.iplt           0x08008478        0x0
 .iplt          0x08008478        0x0 E:/STM32STUFF/stmSystem/STM32CubeIDE_1.18.1/STM32CubeIDE/plugins/com.st.stm32cube.ide.mcu.externaltools.gnu-tools-for-stm32.13.3.rel1.win32_1.0.0.202411081344/tools/bin/../lib/gcc/arm-none-eabi/13.3.1/thumb/v7e-m+dp/hard/crtbegin.o

.rodata         0x08008478       0x84
                0x08008478                        . = ALIGN (0x4)
 *(.rodata)
 .rodata        0x08008478        0xe ./Core/Src/main.o
 *(.rodata*)
 *fill*         0x08008486        0x2 
 .rodata.D1CorePrescTable
                0x08008488       0x10 ./Core/Src/system_stm32h7xx.o
                0x08008488                D1CorePrescTable
 .rodata.flagBitshiftOffset.0
                0x08008498        0x8 ./Drivers/STM32H7xx_HAL_Driver/Src/stm32h7xx_hal_dma.o
 .rodata.UARTPrescTable
                0x080084a0       0x18 ./Drivers/STM32H7xx_HAL_Driver/Src/stm32h7xx_hal_uart.o
                0x080084a0                UARTPrescTable
 .rodata.numerator.1
                0x080084b8        0x8 ./Drivers/STM32H7xx_HAL_Driver/Src/stm32h7xx_hal_uart_ex.o
 .rodata.denominator.0
                0x080084c0        0x8 ./Drivers/STM32H7xx_HAL_Driver/Src/stm32h7xx_hal_uart_ex.o
 .rodata._vfprintf_r.str1.1
                0x080084c8       0x33 E:/STM32STUFF/stmSystem/STM32CubeIDE_1.18.1/STM32CubeIDE/plugins/com.st.stm32cube.ide.mcu.externaltools.gnu-tools-for-stm32.13.3.rel1.win32_1.0.0.202411081344/tools/bin/../lib/gcc/arm-none-eabi/13.3.1/../../../../arm-none-eabi/lib/thumb/v7e-m+dp/hard\libc_nano.a(libc_a-nano-vfprintf.o)
                                 0x11 (size before relaxing)
 .rodata._printf_i.str1.1
                0x080084fb       0x22 E:/STM32STUFF/stmSystem/STM32CubeIDE_1.18.1/STM32CubeIDE/plugins/com.st.stm32cube.ide.mcu.externaltools.gnu-tools-for-stm32.13.3.rel1.win32_1.0.0.202411081344/tools/bin/../lib/gcc/arm-none-eabi/13.3.1/../../../../arm-none-eabi/lib/thumb/v7e-m+dp/hard\libc_nano.a(libc_a-nano-vfprintf_i.o)
                0x08008520                        . = ALIGN (0x4)
 *fill*         0x080084fb        0x1 

.ARM.extab
 *(.ARM.extab* .gnu.linkonce.armextab.*)

.ARM            0x080084fc        0x8
                0x080084fc                        __exidx_start = .
 *(.ARM.exidx*)
 .ARM.exidx     0x080084fc        0x8 E:/STM32STUFF/stmSystem/STM32CubeIDE_1.18.1/STM32CubeIDE/plugins/com.st.stm32cube.ide.mcu.externaltools.gnu-tools-for-stm32.13.3.rel1.win32_1.0.0.202411081344/tools/bin/../lib/gcc/arm-none-eabi/13.3.1/../../../../arm-none-eabi/lib/thumb/v7e-m+dp/hard\libc_nano.a(libc_a-memchr.o)
 .ARM.exidx     0x08008504        0x0 E:/STM32STUFF/stmSystem/STM32CubeIDE_1.18.1/STM32CubeIDE/plugins/com.st.stm32cube.ide.mcu.externaltools.gnu-tools-for-stm32.13.3.rel1.win32_1.0.0.202411081344/tools/bin/../lib/gcc/arm-none-eabi/13.3.1/thumb/v7e-m+dp/hard\libgcc.a(_udivmoddi4.o)
                                  0x8 (size before relaxing)
                0x08008504                        __exidx_end = .

.preinit_array  0x08008504        0x0
                0x08008504                        PROVIDE (__preinit_array_start = .)
 *(.preinit_array*)
                0x08008504                        PROVIDE (__preinit_array_end = .)

.init_array     0x08008504        0x4
                0x08008504                        PROVIDE (__init_array_start = .)
 *(SORT_BY_NAME(.init_array.*))
 *(.init_array*)
 .init_array    0x08008504        0x4 E:/STM32STUFF/stmSystem/STM32CubeIDE_1.18.1/STM32CubeIDE/plugins/com.st.stm32cube.ide.mcu.externaltools.gnu-tools-for-stm32.13.3.rel1.win32_1.0.0.202411081344/tools/bin/../lib/gcc/arm-none-eabi/13.3.1/thumb/v7e-m+dp/hard/crtbegin.o
                0x08008508                        PROVIDE (__init_array_end = .)

.fini_array     0x08008508        0x4
                [!provide]                        PROVIDE (__fini_array_start = .)
 *(SORT_BY_NAME(.fini_array.*))
 *(.fini_array*)
 .fini_array    0x08008508        0x4 E:/STM32STUFF/stmSystem/STM32CubeIDE_1.18.1/STM32CubeIDE/plugins/com.st.stm32cube.ide.mcu.externaltools.gnu-tools-for-stm32.13.3.rel1.win32_1.0.0.202411081344/tools/bin/../lib/gcc/arm-none-eabi/13.3.1/thumb/v7e-m+dp/hard/crtbegin.o
                [!provide]                        PROVIDE (__fini_array_end = .)
                0x0800850c                        _sidata = LOADADDR (.data)

.rel.dyn        0x0800850c        0x0
 .rel.iplt      0x0800850c        0x0 E:/STM32STUFF/stmSystem/STM32CubeIDE_1.18.1/STM32CubeIDE/plugins/com.st.stm32cube.ide.mcu.externaltools.gnu-tools-for-stm32.13.3.rel1.win32_1.0.0.202411081344/tools/bin/../lib/gcc/arm-none-eabi/13.3.1/thumb/v7e-m+dp/hard/crtbegin.o

.data           0x24000000       0x6c load address 0x0800850c
                0x24000000                        . = ALIGN (0x4)
                0x24000000                        _sdata = .
 *(.data)
 *(.data*)
 .data.SystemCoreClock
                0x24000000        0x4 ./Core/Src/system_stm32h7xx.o
                0x24000000                SystemCoreClock
 .data.SystemD2Clock
                0x24000004        0x4 ./Core/Src/system_stm32h7xx.o
                0x24000004                SystemD2Clock
 .data.uwTickPrio
                0x24000008        0x4 ./Drivers/STM32H7xx_HAL_Driver/Src/stm32h7xx_hal.o
                0x24000008                uwTickPrio
 .data.uwTickFreq
                0x2400000c        0x1 ./Drivers/STM32H7xx_HAL_Driver/Src/stm32h7xx_hal.o
                0x2400000c                uwTickFreq
 *fill*         0x2400000d        0x3 
 .data.__sglue  0x24000010        0xc E:/STM32STUFF/stmSystem/STM32CubeIDE_1.18.1/STM32CubeIDE/plugins/com.st.stm32cube.ide.mcu.externaltools.gnu-tools-for-stm32.13.3.rel1.win32_1.0.0.202411081344/tools/bin/../lib/gcc/arm-none-eabi/13.3.1/../../../../arm-none-eabi/lib/thumb/v7e-m+dp/hard\libc_nano.a(libc_a-findfp.o)
                0x24000010                __sglue
 .data._impure_ptr
                0x2400001c        0x4 E:/STM32STUFF/stmSystem/STM32CubeIDE_1.18.1/STM32CubeIDE/plugins/com.st.stm32cube.ide.mcu.externaltools.gnu-tools-for-stm32.13.3.rel1.win32_1.0.0.202411081344/tools/bin/../lib/gcc/arm-none-eabi/13.3.1/../../../../arm-none-eabi/lib/thumb/v7e-m+dp/hard\libc_nano.a(libc_a-impure.o)
                0x2400001c                _impure_ptr
 .data._impure_data
                0x24000020       0x4c E:/STM32STUFF/stmSystem/STM32CubeIDE_1.18.1/STM32CubeIDE/plugins/com.st.stm32cube.ide.mcu.externaltools.gnu-tools-for-stm32.13.3.rel1.win32_1.0.0.202411081344/tools/bin/../lib/gcc/arm-none-eabi/13.3.1/../../../../arm-none-eabi/lib/thumb/v7e-m+dp/hard\libc_nano.a(libc_a-impure.o)
                0x24000020                _impure_data
 *(.RamFunc)
 *(.RamFunc*)
                0x2400006c                        . = ALIGN (0x4)
                0x2400006c                        _edata = .

.igot.plt       0x2400006c        0x0 load address 0x08008578
 .igot.plt      0x2400006c        0x0 E:/STM32STUFF/stmSystem/STM32CubeIDE_1.18.1/STM32CubeIDE/plugins/com.st.stm32cube.ide.mcu.externaltools.gnu-tools-for-stm32.13.3.rel1.win32_1.0.0.202411081344/tools/bin/../lib/gcc/arm-none-eabi/13.3.1/thumb/v7e-m+dp/hard/crtbegin.o
                0x2400006c                        . = ALIGN (0x4)

.bss            0x2400006c      0x2d0 load address 0x08008578
                0x2400006c                        _sbss = .
                0x2400006c                        __bss_start__ = _sbss
 *(.bss)
 .bss           0x2400006c       0x1c E:/STM32STUFF/stmSystem/STM32CubeIDE_1.18.1/STM32CubeIDE/plugins/com.st.stm32cube.ide.mcu.externaltools.gnu-tools-for-stm32.13.3.rel1.win32_1.0.0.202411081344/tools/bin/../lib/gcc/arm-none-eabi/13.3.1/thumb/v7e-m+dp/hard/crtbegin.o
 *(.bss*)
 .bss.htim24    0x24000088       0x4c ./Core/Src/main.o
                0x24000088                htim24
 .bss.hdma_tim24_up
                0x240000d4       0x78 ./Core/Src/main.o
                0x240000d4                hdma_tim24_up
 .bss.huart1    0x2400014c       0x94 ./Core/Src/main.o
                0x2400014c                huart1
 .bss.prevCounter
                0x240001e0        0x4 ./Core/Src/main.o
                0x240001e0                prevCounter
 .bss.curCounter
                0x240001e4        0x4 ./Core/Src/main.o
                0x240001e4                curCounter
 .bss.__sbrk_heap_end
                0x240001e8        0x4 ./Core/Src/sysmem.o
 .bss.uwTick    0x240001ec        0x4 ./Drivers/STM32H7xx_HAL_Driver/Src/stm32h7xx_hal.o
                0x240001ec                uwTick
 .bss.__sf      0x240001f0      0x138 E:/STM32STUFF/stmSystem/STM32CubeIDE_1.18.1/STM32CubeIDE/plugins/com.st.stm32cube.ide.mcu.externaltools.gnu-tools-for-stm32.13.3.rel1.win32_1.0.0.202411081344/tools/bin/../lib/gcc/arm-none-eabi/13.3.1/../../../../arm-none-eabi/lib/thumb/v7e-m+dp/hard\libc_nano.a(libc_a-findfp.o)
                0x240001f0                __sf
 .bss.__stdio_exit_handler
                0x24000328        0x4 E:/STM32STUFF/stmSystem/STM32CubeIDE_1.18.1/STM32CubeIDE/plugins/com.st.stm32cube.ide.mcu.externaltools.gnu-tools-for-stm32.13.3.rel1.win32_1.0.0.202411081344/tools/bin/../lib/gcc/arm-none-eabi/13.3.1/../../../../arm-none-eabi/lib/thumb/v7e-m+dp/hard\libc_nano.a(libc_a-findfp.o)
                0x24000328                __stdio_exit_handler
 .bss.errno     0x2400032c        0x4 E:/STM32STUFF/stmSystem/STM32CubeIDE_1.18.1/STM32CubeIDE/plugins/com.st.stm32cube.ide.mcu.externaltools.gnu-tools-for-stm32.13.3.rel1.win32_1.0.0.202411081344/tools/bin/../lib/gcc/arm-none-eabi/13.3.1/../../../../arm-none-eabi/lib/thumb/v7e-m+dp/hard\libc_nano.a(libc_a-reent.o)
                0x2400032c                errno
 .bss.__lock___malloc_recursive_mutex
                0x24000330        0x1 E:/STM32STUFF/stmSystem/STM32CubeIDE_1.18.1/STM32CubeIDE/plugins/com.st.stm32cube.ide.mcu.externaltools.gnu-tools-for-stm32.13.3.rel1.win32_1.0.0.202411081344/tools/bin/../lib/gcc/arm-none-eabi/13.3.1/../../../../arm-none-eabi/lib/thumb/v7e-m+dp/hard\libc_nano.a(libc_a-lock.o)
                0x24000330                __lock___malloc_recursive_mutex
 .bss.__lock___sfp_recursive_mutex
                0x24000331        0x1 E:/STM32STUFF/stmSystem/STM32CubeIDE_1.18.1/STM32CubeIDE/plugins/com.st.stm32cube.ide.mcu.externaltools.gnu-tools-for-stm32.13.3.rel1.win32_1.0.0.202411081344/tools/bin/../lib/gcc/arm-none-eabi/13.3.1/../../../../arm-none-eabi/lib/thumb/v7e-m+dp/hard\libc_nano.a(libc_a-lock.o)
                0x24000331                __lock___sfp_recursive_mutex
 *fill*         0x24000332        0x2 
 .bss.__malloc_sbrk_start
                0x24000334        0x4 E:/STM32STUFF/stmSystem/STM32CubeIDE_1.18.1/STM32CubeIDE/plugins/com.st.stm32cube.ide.mcu.externaltools.gnu-tools-for-stm32.13.3.rel1.win32_1.0.0.202411081344/tools/bin/../lib/gcc/arm-none-eabi/13.3.1/../../../../arm-none-eabi/lib/thumb/v7e-m+dp/hard\libc_nano.a(libc_a-mallocr.o)
                0x24000334                __malloc_sbrk_start
 .bss.__malloc_free_list
                0x24000338        0x4 E:/STM32STUFF/stmSystem/STM32CubeIDE_1.18.1/STM32CubeIDE/plugins/com.st.stm32cube.ide.mcu.externaltools.gnu-tools-for-stm32.13.3.rel1.win32_1.0.0.202411081344/tools/bin/../lib/gcc/arm-none-eabi/13.3.1/../../../../arm-none-eabi/lib/thumb/v7e-m+dp/hard\libc_nano.a(libc_a-mallocr.o)
                0x24000338                __malloc_free_list
 *(COMMON)
                0x2400033c                        . = ALIGN (0x4)
                0x2400033c                        _ebss = .
                0x2400033c                        __bss_end__ = _ebss

._user_heap_stack
                0x2400033c      0x604 load address 0x08008578
                0x24000340                        . = ALIGN (0x8)
 *fill*         0x2400033c        0x4 
                [!provide]                        PROVIDE (end = .)
                0x24000340                        PROVIDE (_end = .)
                0x24000540                        . = (. + _Min_Heap_Size)
 *fill*         0x24000340      0x200 
                0x24000940                        . = (. + _Min_Stack_Size)
 *fill*         0x24000540      0x400 
                0x24000940                        . = ALIGN (0x8)

/DISCARD/
 libc.a(*)
 libm.a(*)
 libgcc.a(*)

.ARM.attributes
                0x00000000       0x2e
 *(.ARM.attributes)
 .ARM.attributes
                0x00000000       0x20 E:/STM32STUFF/stmSystem/STM32CubeIDE_1.18.1/STM32CubeIDE/plugins/com.st.stm32cube.ide.mcu.externaltools.gnu-tools-for-stm32.13.3.rel1.win32_1.0.0.202411081344/tools/bin/../lib/gcc/arm-none-eabi/13.3.1/thumb/v7e-m+dp/hard/crti.o
 .ARM.attributes
                0x00000020       0x32 E:/STM32STUFF/stmSystem/STM32CubeIDE_1.18.1/STM32CubeIDE/plugins/com.st.stm32cube.ide.mcu.externaltools.gnu-tools-for-stm32.13.3.rel1.win32_1.0.0.202411081344/tools/bin/../lib/gcc/arm-none-eabi/13.3.1/thumb/v7e-m+dp/hard/crtbegin.o
 .ARM.attributes
                0x00000052       0x32 ./Core/Src/main.o
 .ARM.attributes
                0x00000084       0x32 ./Core/Src/stm32h7xx_hal_msp.o
 .ARM.attributes
                0x000000b6       0x32 ./Core/Src/stm32h7xx_it.o
 .ARM.attributes
                0x000000e8       0x32 ./Core/Src/syscalls.o
 .ARM.attributes
                0x0000011a       0x32 ./Core/Src/sysmem.o
 .ARM.attributes
                0x0000014c       0x32 ./Core/Src/system_stm32h7xx.o
 .ARM.attributes
                0x0000017e       0x21 ./Core/Startup/startup_stm32h723zgtx.o
 .ARM.attributes
                0x0000019f       0x32 ./Drivers/STM32H7xx_HAL_Driver/Src/stm32h7xx_hal.o
 .ARM.attributes
                0x000001d1       0x32 ./Drivers/STM32H7xx_HAL_Driver/Src/stm32h7xx_hal_cortex.o
 .ARM.attributes
                0x00000203       0x32 ./Drivers/STM32H7xx_HAL_Driver/Src/stm32h7xx_hal_dma.o
 .ARM.attributes
                0x00000235       0x32 ./Drivers/STM32H7xx_HAL_Driver/Src/stm32h7xx_hal_gpio.o
 .ARM.attributes
                0x00000267       0x32 ./Drivers/STM32H7xx_HAL_Driver/Src/stm32h7xx_hal_pwr_ex.o
 .ARM.attributes
                0x00000299       0x32 ./Drivers/STM32H7xx_HAL_Driver/Src/stm32h7xx_hal_rcc.o
 .ARM.attributes
                0x000002cb       0x32 ./Drivers/STM32H7xx_HAL_Driver/Src/stm32h7xx_hal_rcc_ex.o
 .ARM.attributes
                0x000002fd       0x32 ./Drivers/STM32H7xx_HAL_Driver/Src/stm32h7xx_hal_tim.o
 .ARM.attributes
                0x0000032f       0x32 ./Drivers/STM32H7xx_HAL_Driver/Src/stm32h7xx_hal_tim_ex.o
 .ARM.attributes
                0x00000361       0x32 ./Drivers/STM32H7xx_HAL_Driver/Src/stm32h7xx_hal_uart.o
 .ARM.attributes
                0x00000393       0x32 ./Drivers/STM32H7xx_HAL_Driver/Src/stm32h7xx_hal_uart_ex.o
 .ARM.attributes
                0x000003c5       0x32 E:/STM32STUFF/stmSystem/STM32CubeIDE_1.18.1/STM32CubeIDE/plugins/com.st.stm32cube.ide.mcu.externaltools.gnu-tools-for-stm32.13.3.rel1.win32_1.0.0.202411081344/tools/bin/../lib/gcc/arm-none-eabi/13.3.1/../../../../arm-none-eabi/lib/thumb/v7e-m+dp/hard\libc_nano.a(libc_a-findfp.o)
 .ARM.attributes
                0x000003f7       0x32 E:/STM32STUFF/stmSystem/STM32CubeIDE_1.18.1/STM32CubeIDE/plugins/com.st.stm32cube.ide.mcu.externaltools.gnu-tools-for-stm32.13.3.rel1.win32_1.0.0.202411081344/tools/bin/../lib/gcc/arm-none-eabi/13.3.1/../../../../arm-none-eabi/lib/thumb/v7e-m+dp/hard\libc_nano.a(libc_a-fwalk.o)
 .ARM.attributes
                0x00000429       0x32 E:/STM32STUFF/stmSystem/STM32CubeIDE_1.18.1/STM32CubeIDE/plugins/com.st.stm32cube.ide.mcu.externaltools.gnu-tools-for-stm32.13.3.rel1.win32_1.0.0.202411081344/tools/bin/../lib/gcc/arm-none-eabi/13.3.1/../../../../arm-none-eabi/lib/thumb/v7e-m+dp/hard\libc_nano.a(libc_a-printf.o)
 .ARM.attributes
                0x0000045b       0x32 E:/STM32STUFF/stmSystem/STM32CubeIDE_1.18.1/STM32CubeIDE/plugins/com.st.stm32cube.ide.mcu.externaltools.gnu-tools-for-stm32.13.3.rel1.win32_1.0.0.202411081344/tools/bin/../lib/gcc/arm-none-eabi/13.3.1/../../../../arm-none-eabi/lib/thumb/v7e-m+dp/hard\libc_nano.a(libc_a-stdio.o)
 .ARM.attributes
                0x0000048d       0x32 E:/STM32STUFF/stmSystem/STM32CubeIDE_1.18.1/STM32CubeIDE/plugins/com.st.stm32cube.ide.mcu.externaltools.gnu-tools-for-stm32.13.3.rel1.win32_1.0.0.202411081344/tools/bin/../lib/gcc/arm-none-eabi/13.3.1/../../../../arm-none-eabi/lib/thumb/v7e-m+dp/hard\libc_nano.a(libc_a-memset.o)
 .ARM.attributes
                0x000004bf       0x32 E:/STM32STUFF/stmSystem/STM32CubeIDE_1.18.1/STM32CubeIDE/plugins/com.st.stm32cube.ide.mcu.externaltools.gnu-tools-for-stm32.13.3.rel1.win32_1.0.0.202411081344/tools/bin/../lib/gcc/arm-none-eabi/13.3.1/../../../../arm-none-eabi/lib/thumb/v7e-m+dp/hard\libc_nano.a(libc_a-closer.o)
 .ARM.attributes
                0x000004f1       0x32 E:/STM32STUFF/stmSystem/STM32CubeIDE_1.18.1/STM32CubeIDE/plugins/com.st.stm32cube.ide.mcu.externaltools.gnu-tools-for-stm32.13.3.rel1.win32_1.0.0.202411081344/tools/bin/../lib/gcc/arm-none-eabi/13.3.1/../../../../arm-none-eabi/lib/thumb/v7e-m+dp/hard\libc_nano.a(libc_a-reent.o)
 .ARM.attributes
                0x00000523       0x32 E:/STM32STUFF/stmSystem/STM32CubeIDE_1.18.1/STM32CubeIDE/plugins/com.st.stm32cube.ide.mcu.externaltools.gnu-tools-for-stm32.13.3.rel1.win32_1.0.0.202411081344/tools/bin/../lib/gcc/arm-none-eabi/13.3.1/../../../../arm-none-eabi/lib/thumb/v7e-m+dp/hard\libc_nano.a(libc_a-impure.o)
 .ARM.attributes
                0x00000555       0x32 E:/STM32STUFF/stmSystem/STM32CubeIDE_1.18.1/STM32CubeIDE/plugins/com.st.stm32cube.ide.mcu.externaltools.gnu-tools-for-stm32.13.3.rel1.win32_1.0.0.202411081344/tools/bin/../lib/gcc/arm-none-eabi/13.3.1/../../../../arm-none-eabi/lib/thumb/v7e-m+dp/hard\libc_nano.a(libc_a-lseekr.o)
 .ARM.attributes
                0x00000587       0x32 E:/STM32STUFF/stmSystem/STM32CubeIDE_1.18.1/STM32CubeIDE/plugins/com.st.stm32cube.ide.mcu.externaltools.gnu-tools-for-stm32.13.3.rel1.win32_1.0.0.202411081344/tools/bin/../lib/gcc/arm-none-eabi/13.3.1/../../../../arm-none-eabi/lib/thumb/v7e-m+dp/hard\libc_nano.a(libc_a-readr.o)
 .ARM.attributes
                0x000005b9       0x32 E:/STM32STUFF/stmSystem/STM32CubeIDE_1.18.1/STM32CubeIDE/plugins/com.st.stm32cube.ide.mcu.externaltools.gnu-tools-for-stm32.13.3.rel1.win32_1.0.0.202411081344/tools/bin/../lib/gcc/arm-none-eabi/13.3.1/../../../../arm-none-eabi/lib/thumb/v7e-m+dp/hard\libc_nano.a(libc_a-writer.o)
 .ARM.attributes
                0x000005eb       0x32 E:/STM32STUFF/stmSystem/STM32CubeIDE_1.18.1/STM32CubeIDE/plugins/com.st.stm32cube.ide.mcu.externaltools.gnu-tools-for-stm32.13.3.rel1.win32_1.0.0.202411081344/tools/bin/../lib/gcc/arm-none-eabi/13.3.1/../../../../arm-none-eabi/lib/thumb/v7e-m+dp/hard\libc_nano.a(libc_a-errno.o)
 .ARM.attributes
                0x0000061d       0x32 E:/STM32STUFF/stmSystem/STM32CubeIDE_1.18.1/STM32CubeIDE/plugins/com.st.stm32cube.ide.mcu.externaltools.gnu-tools-for-stm32.13.3.rel1.win32_1.0.0.202411081344/tools/bin/../lib/gcc/arm-none-eabi/13.3.1/../../../../arm-none-eabi/lib/thumb/v7e-m+dp/hard\libc_nano.a(libc_a-init.o)
 .ARM.attributes
                0x0000064f       0x32 E:/STM32STUFF/stmSystem/STM32CubeIDE_1.18.1/STM32CubeIDE/plugins/com.st.stm32cube.ide.mcu.externaltools.gnu-tools-for-stm32.13.3.rel1.win32_1.0.0.202411081344/tools/bin/../lib/gcc/arm-none-eabi/13.3.1/../../../../arm-none-eabi/lib/thumb/v7e-m+dp/hard\libc_nano.a(libc_a-lock.o)
 .ARM.attributes
                0x00000681       0x32 E:/STM32STUFF/stmSystem/STM32CubeIDE_1.18.1/STM32CubeIDE/plugins/com.st.stm32cube.ide.mcu.externaltools.gnu-tools-for-stm32.13.3.rel1.win32_1.0.0.202411081344/tools/bin/../lib/gcc/arm-none-eabi/13.3.1/../../../../arm-none-eabi/lib/thumb/v7e-m+dp/hard\libc_nano.a(libc_a-freer.o)
 .ARM.attributes
                0x000006b3       0x32 E:/STM32STUFF/stmSystem/STM32CubeIDE_1.18.1/STM32CubeIDE/plugins/com.st.stm32cube.ide.mcu.externaltools.gnu-tools-for-stm32.13.3.rel1.win32_1.0.0.202411081344/tools/bin/../lib/gcc/arm-none-eabi/13.3.1/../../../../arm-none-eabi/lib/thumb/v7e-m+dp/hard\libc_nano.a(libc_a-mallocr.o)
 .ARM.attributes
                0x000006e5       0x32 E:/STM32STUFF/stmSystem/STM32CubeIDE_1.18.1/STM32CubeIDE/plugins/com.st.stm32cube.ide.mcu.externaltools.gnu-tools-for-stm32.13.3.rel1.win32_1.0.0.202411081344/tools/bin/../lib/gcc/arm-none-eabi/13.3.1/../../../../arm-none-eabi/lib/thumb/v7e-m+dp/hard\libc_nano.a(libc_a-mlock.o)
 .ARM.attributes
                0x00000717       0x32 E:/STM32STUFF/stmSystem/STM32CubeIDE_1.18.1/STM32CubeIDE/plugins/com.st.stm32cube.ide.mcu.externaltools.gnu-tools-for-stm32.13.3.rel1.win32_1.0.0.202411081344/tools/bin/../lib/gcc/arm-none-eabi/13.3.1/../../../../arm-none-eabi/lib/thumb/v7e-m+dp/hard\libc_nano.a(libc_a-nano-vfprintf.o)
 .ARM.attributes
                0x00000749       0x32 E:/STM32STUFF/stmSystem/STM32CubeIDE_1.18.1/STM32CubeIDE/plugins/com.st.stm32cube.ide.mcu.externaltools.gnu-tools-for-stm32.13.3.rel1.win32_1.0.0.202411081344/tools/bin/../lib/gcc/arm-none-eabi/13.3.1/../../../../arm-none-eabi/lib/thumb/v7e-m+dp/hard\libc_nano.a(libc_a-nano-vfprintf_i.o)
 .ARM.attributes
                0x0000077b       0x32 E:/STM32STUFF/stmSystem/STM32CubeIDE_1.18.1/STM32CubeIDE/plugins/com.st.stm32cube.ide.mcu.externaltools.gnu-tools-for-stm32.13.3.rel1.win32_1.0.0.202411081344/tools/bin/../lib/gcc/arm-none-eabi/13.3.1/../../../../arm-none-eabi/lib/thumb/v7e-m+dp/hard\libc_nano.a(libc_a-fflush.o)
 .ARM.attributes
                0x000007ad       0x32 E:/STM32STUFF/stmSystem/STM32CubeIDE_1.18.1/STM32CubeIDE/plugins/com.st.stm32cube.ide.mcu.externaltools.gnu-tools-for-stm32.13.3.rel1.win32_1.0.0.202411081344/tools/bin/../lib/gcc/arm-none-eabi/13.3.1/../../../../arm-none-eabi/lib/thumb/v7e-m+dp/hard\libc_nano.a(libc_a-wbuf.o)
 .ARM.attributes
                0x000007df       0x32 E:/STM32STUFF/stmSystem/STM32CubeIDE_1.18.1/STM32CubeIDE/plugins/com.st.stm32cube.ide.mcu.externaltools.gnu-tools-for-stm32.13.3.rel1.win32_1.0.0.202411081344/tools/bin/../lib/gcc/arm-none-eabi/13.3.1/../../../../arm-none-eabi/lib/thumb/v7e-m+dp/hard\libc_nano.a(libc_a-wsetup.o)
 .ARM.attributes
                0x00000811       0x32 E:/STM32STUFF/stmSystem/STM32CubeIDE_1.18.1/STM32CubeIDE/plugins/com.st.stm32cube.ide.mcu.externaltools.gnu-tools-for-stm32.13.3.rel1.win32_1.0.0.202411081344/tools/bin/../lib/gcc/arm-none-eabi/13.3.1/../../../../arm-none-eabi/lib/thumb/v7e-m+dp/hard\libc_nano.a(libc_a-sbrkr.o)
 .ARM.attributes
                0x00000843       0x1c E:/STM32STUFF/stmSystem/STM32CubeIDE_1.18.1/STM32CubeIDE/plugins/com.st.stm32cube.ide.mcu.externaltools.gnu-tools-for-stm32.13.3.rel1.win32_1.0.0.202411081344/tools/bin/../lib/gcc/arm-none-eabi/13.3.1/../../../../arm-none-eabi/lib/thumb/v7e-m+dp/hard\libc_nano.a(libc_a-memchr.o)
 .ARM.attributes
                0x0000085f       0x32 E:/STM32STUFF/stmSystem/STM32CubeIDE_1.18.1/STM32CubeIDE/plugins/com.st.stm32cube.ide.mcu.externaltools.gnu-tools-for-stm32.13.3.rel1.win32_1.0.0.202411081344/tools/bin/../lib/gcc/arm-none-eabi/13.3.1/../../../../arm-none-eabi/lib/thumb/v7e-m+dp/hard\libc_nano.a(libc_a-makebuf.o)
 .ARM.attributes
                0x00000891       0x32 E:/STM32STUFF/stmSystem/STM32CubeIDE_1.18.1/STM32CubeIDE/plugins/com.st.stm32cube.ide.mcu.externaltools.gnu-tools-for-stm32.13.3.rel1.win32_1.0.0.202411081344/tools/bin/../lib/gcc/arm-none-eabi/13.3.1/../../../../arm-none-eabi/lib/thumb/v7e-m+dp/hard\libc_nano.a(libc_a-fstatr.o)
 .ARM.attributes
                0x000008c3       0x32 E:/STM32STUFF/stmSystem/STM32CubeIDE_1.18.1/STM32CubeIDE/plugins/com.st.stm32cube.ide.mcu.externaltools.gnu-tools-for-stm32.13.3.rel1.win32_1.0.0.202411081344/tools/bin/../lib/gcc/arm-none-eabi/13.3.1/../../../../arm-none-eabi/lib/thumb/v7e-m+dp/hard\libc_nano.a(libc_a-isattyr.o)
 .ARM.attributes
                0x000008f5       0x20 E:/STM32STUFF/stmSystem/STM32CubeIDE_1.18.1/STM32CubeIDE/plugins/com.st.stm32cube.ide.mcu.externaltools.gnu-tools-for-stm32.13.3.rel1.win32_1.0.0.202411081344/tools/bin/../lib/gcc/arm-none-eabi/13.3.1/thumb/v7e-m+dp/hard\libgcc.a(_aeabi_uldivmod.o)
 .ARM.attributes
                0x00000915       0x32 E:/STM32STUFF/stmSystem/STM32CubeIDE_1.18.1/STM32CubeIDE/plugins/com.st.stm32cube.ide.mcu.externaltools.gnu-tools-for-stm32.13.3.rel1.win32_1.0.0.202411081344/tools/bin/../lib/gcc/arm-none-eabi/13.3.1/thumb/v7e-m+dp/hard\libgcc.a(_udivmoddi4.o)
 .ARM.attributes
                0x00000947       0x20 E:/STM32STUFF/stmSystem/STM32CubeIDE_1.18.1/STM32CubeIDE/plugins/com.st.stm32cube.ide.mcu.externaltools.gnu-tools-for-stm32.13.3.rel1.win32_1.0.0.202411081344/tools/bin/../lib/gcc/arm-none-eabi/13.3.1/thumb/v7e-m+dp/hard\libgcc.a(_dvmd_tls.o)
 .ARM.attributes
                0x00000967       0x20 E:/STM32STUFF/stmSystem/STM32CubeIDE_1.18.1/STM32CubeIDE/plugins/com.st.stm32cube.ide.mcu.externaltools.gnu-tools-for-stm32.13.3.rel1.win32_1.0.0.202411081344/tools/bin/../lib/gcc/arm-none-eabi/13.3.1/thumb/v7e-m+dp/hard/crtn.o
OUTPUT(dataAndCommsExperiments.elf elf32-littlearm)
LOAD linker stubs
LOAD E:/STM32STUFF/stmSystem/STM32CubeIDE_1.18.1/STM32CubeIDE/plugins/com.st.stm32cube.ide.mcu.externaltools.gnu-tools-for-stm32.13.3.rel1.win32_1.0.0.202411081344/tools/bin/../lib/gcc/arm-none-eabi/13.3.1/../../../../arm-none-eabi/lib/thumb/v7e-m+dp/hard\libc.a
LOAD E:/STM32STUFF/stmSystem/STM32CubeIDE_1.18.1/STM32CubeIDE/plugins/com.st.stm32cube.ide.mcu.externaltools.gnu-tools-for-stm32.13.3.rel1.win32_1.0.0.202411081344/tools/bin/../lib/gcc/arm-none-eabi/13.3.1/../../../../arm-none-eabi/lib/thumb/v7e-m+dp/hard\libm.a
LOAD E:/STM32STUFF/stmSystem/STM32CubeIDE_1.18.1/STM32CubeIDE/plugins/com.st.stm32cube.ide.mcu.externaltools.gnu-tools-for-stm32.13.3.rel1.win32_1.0.0.202411081344/tools/bin/../lib/gcc/arm-none-eabi/13.3.1/thumb/v7e-m+dp/hard\libgcc.a

.debug_info     0x00000000    0x1539c
 .debug_info    0x00000000     0x1a5f ./Core/Src/main.o
 .debug_info    0x00001a5f     0x150a ./Core/Src/stm32h7xx_hal_msp.o
 .debug_info    0x00002f69      0x449 ./Core/Src/stm32h7xx_it.o
 .debug_info    0x000033b2      0x6a3 ./Core/Src/syscalls.o
 .debug_info    0x00003a55      0x168 ./Core/Src/sysmem.o
 .debug_info    0x00003bbd      0xbf0 ./Core/Src/system_stm32h7xx.o
 .debug_info    0x000047ad       0x30 ./Core/Startup/startup_stm32h723zgtx.o
 .debug_info    0x000047dd     0x1698 ./Drivers/STM32H7xx_HAL_Driver/Src/stm32h7xx_hal.o
 .debug_info    0x00005e75     0x10a5 ./Drivers/STM32H7xx_HAL_Driver/Src/stm32h7xx_hal_cortex.o
 .debug_info    0x00006f1a      0xb71 ./Drivers/STM32H7xx_HAL_Driver/Src/stm32h7xx_hal_dma.o
 .debug_info    0x00007a8b      0xc6b ./Drivers/STM32H7xx_HAL_Driver/Src/stm32h7xx_hal_gpio.o
 .debug_info    0x000086f6      0xdce ./Drivers/STM32H7xx_HAL_Driver/Src/stm32h7xx_hal_pwr_ex.o
 .debug_info    0x000094c4      0xd82 ./Drivers/STM32H7xx_HAL_Driver/Src/stm32h7xx_hal_rcc.o
 .debug_info    0x0000a246     0x120b ./Drivers/STM32H7xx_HAL_Driver/Src/stm32h7xx_hal_rcc_ex.o
 .debug_info    0x0000b451     0x2bae ./Drivers/STM32H7xx_HAL_Driver/Src/stm32h7xx_hal_tim.o
 .debug_info    0x0000dfff     0x18c1 ./Drivers/STM32H7xx_HAL_Driver/Src/stm32h7xx_hal_tim_ex.o
 .debug_info    0x0000f8c0     0x4b1d ./Drivers/STM32H7xx_HAL_Driver/Src/stm32h7xx_hal_uart.o
 .debug_info    0x000143dd      0xfbf ./Drivers/STM32H7xx_HAL_Driver/Src/stm32h7xx_hal_uart_ex.o

.debug_abbrev   0x00000000     0x2798
 .debug_abbrev  0x00000000      0x325 ./Core/Src/main.o
 .debug_abbrev  0x00000325      0x22f ./Core/Src/stm32h7xx_hal_msp.o
 .debug_abbrev  0x00000554      0x16d ./Core/Src/stm32h7xx_it.o
 .debug_abbrev  0x000006c1      0x1b6 ./Core/Src/syscalls.o
 .debug_abbrev  0x00000877       0xbc ./Core/Src/sysmem.o
 .debug_abbrev  0x00000933      0x153 ./Core/Src/system_stm32h7xx.o
 .debug_abbrev  0x00000a86       0x24 ./Core/Startup/startup_stm32h723zgtx.o
 .debug_abbrev  0x00000aaa      0x29e ./Drivers/STM32H7xx_HAL_Driver/Src/stm32h7xx_hal.o
 .debug_abbrev  0x00000d48      0x339 ./Drivers/STM32H7xx_HAL_Driver/Src/stm32h7xx_hal_cortex.o
 .debug_abbrev  0x00001081      0x248 ./Drivers/STM32H7xx_HAL_Driver/Src/stm32h7xx_hal_dma.o
 .debug_abbrev  0x000012c9      0x205 ./Drivers/STM32H7xx_HAL_Driver/Src/stm32h7xx_hal_gpio.o
 .debug_abbrev  0x000014ce      0x295 ./Drivers/STM32H7xx_HAL_Driver/Src/stm32h7xx_hal_pwr_ex.o
 .debug_abbrev  0x00001763      0x2b1 ./Drivers/STM32H7xx_HAL_Driver/Src/stm32h7xx_hal_rcc.o
 .debug_abbrev  0x00001a14      0x269 ./Drivers/STM32H7xx_HAL_Driver/Src/stm32h7xx_hal_rcc_ex.o
 .debug_abbrev  0x00001c7d      0x276 ./Drivers/STM32H7xx_HAL_Driver/Src/stm32h7xx_hal_tim.o
 .debug_abbrev  0x00001ef3      0x296 ./Drivers/STM32H7xx_HAL_Driver/Src/stm32h7xx_hal_tim_ex.o
 .debug_abbrev  0x00002189      0x33d ./Drivers/STM32H7xx_HAL_Driver/Src/stm32h7xx_hal_uart.o
 .debug_abbrev  0x000024c6      0x2d2 ./Drivers/STM32H7xx_HAL_Driver/Src/stm32h7xx_hal_uart_ex.o

.debug_aranges  0x00000000     0x1148
 .debug_aranges
                0x00000000       0x60 ./Core/Src/main.o
 .debug_aranges
                0x00000060       0x40 ./Core/Src/stm32h7xx_hal_msp.o
 .debug_aranges
                0x000000a0       0x68 ./Core/Src/stm32h7xx_it.o
 .debug_aranges
                0x00000108       0xa8 ./Core/Src/syscalls.o
 .debug_aranges
                0x000001b0       0x20 ./Core/Src/sysmem.o
 .debug_aranges
                0x000001d0       0x30 ./Core/Src/system_stm32h7xx.o
 .debug_aranges
                0x00000200       0x28 ./Core/Startup/startup_stm32h723zgtx.o
 .debug_aranges
                0x00000228      0x1c8 ./Drivers/STM32H7xx_HAL_Driver/Src/stm32h7xx_hal.o
 .debug_aranges
                0x000003f0      0x130 ./Drivers/STM32H7xx_HAL_Driver/Src/stm32h7xx_hal_cortex.o
 .debug_aranges
                0x00000520       0xa0 ./Drivers/STM32H7xx_HAL_Driver/Src/stm32h7xx_hal_dma.o
 .debug_aranges
                0x000005c0       0x58 ./Drivers/STM32H7xx_HAL_Driver/Src/stm32h7xx_hal_gpio.o
 .debug_aranges
                0x00000618      0x148 ./Drivers/STM32H7xx_HAL_Driver/Src/stm32h7xx_hal_pwr_ex.o
 .debug_aranges
                0x00000760       0x88 ./Drivers/STM32H7xx_HAL_Driver/Src/stm32h7xx_hal_rcc.o
 .debug_aranges
                0x000007e8       0xf8 ./Drivers/STM32H7xx_HAL_Driver/Src/stm32h7xx_hal_rcc_ex.o
 .debug_aranges
                0x000008e0      0x3e0 ./Drivers/STM32H7xx_HAL_Driver/Src/stm32h7xx_hal_tim.o
 .debug_aranges
                0x00000cc0      0x198 ./Drivers/STM32H7xx_HAL_Driver/Src/stm32h7xx_hal_tim_ex.o
 .debug_aranges
                0x00000e58      0x248 ./Drivers/STM32H7xx_HAL_Driver/Src/stm32h7xx_hal_uart.o
 .debug_aranges
                0x000010a0       0xa8 ./Drivers/STM32H7xx_HAL_Driver/Src/stm32h7xx_hal_uart_ex.o

.debug_rnglists
                0x00000000      0xd83
 .debug_rnglists
                0x00000000       0x46 ./Core/Src/main.o
 .debug_rnglists
                0x00000046       0x2d ./Core/Src/stm32h7xx_hal_msp.o
 .debug_rnglists
                0x00000073       0x49 ./Core/Src/stm32h7xx_it.o
 .debug_rnglists
                0x000000bc       0x79 ./Core/Src/syscalls.o
 .debug_rnglists
                0x00000135       0x13 ./Core/Src/sysmem.o
 .debug_rnglists
                0x00000148       0x21 ./Core/Src/system_stm32h7xx.o
 .debug_rnglists
                0x00000169       0x19 ./Core/Startup/startup_stm32h723zgtx.o
 .debug_rnglists
                0x00000182      0x155 ./Drivers/STM32H7xx_HAL_Driver/Src/stm32h7xx_hal.o
 .debug_rnglists
                0x000002d7       0xe0 ./Drivers/STM32H7xx_HAL_Driver/Src/stm32h7xx_hal_cortex.o
 .debug_rnglists
                0x000003b7       0x82 ./Drivers/STM32H7xx_HAL_Driver/Src/stm32h7xx_hal_dma.o
 .debug_rnglists
                0x00000439       0x3f ./Drivers/STM32H7xx_HAL_Driver/Src/stm32h7xx_hal_gpio.o
 .debug_rnglists
                0x00000478       0xf5 ./Drivers/STM32H7xx_HAL_Driver/Src/stm32h7xx_hal_pwr_ex.o
 .debug_rnglists
                0x0000056d       0x68 ./Drivers/STM32H7xx_HAL_Driver/Src/stm32h7xx_hal_rcc.o
 .debug_rnglists
                0x000005d5       0xc0 ./Drivers/STM32H7xx_HAL_Driver/Src/stm32h7xx_hal_rcc_ex.o
 .debug_rnglists
                0x00000695      0x328 ./Drivers/STM32H7xx_HAL_Driver/Src/stm32h7xx_hal_tim.o
 .debug_rnglists
                0x000009bd      0x14d ./Drivers/STM32H7xx_HAL_Driver/Src/stm32h7xx_hal_tim_ex.o
 .debug_rnglists
                0x00000b0a      0x1fa ./Drivers/STM32H7xx_HAL_Driver/Src/stm32h7xx_hal_uart.o
 .debug_rnglists
                0x00000d04       0x7f ./Drivers/STM32H7xx_HAL_Driver/Src/stm32h7xx_hal_uart_ex.o

.debug_macro    0x00000000    0x33d62
 .debug_macro   0x00000000      0x2e6 ./Core/Src/main.o
 .debug_macro   0x000002e6      0xaf6 ./Core/Src/main.o
 .debug_macro   0x00000ddc      0x238 ./Core/Src/main.o
 .debug_macro   0x00001014       0x2e ./Core/Src/main.o
 .debug_macro   0x00001042       0x3b ./Core/Src/main.o
 .debug_macro   0x0000107d       0x22 ./Core/Src/main.o
 .debug_macro   0x0000109f       0x8e ./Core/Src/main.o
 .debug_macro   0x0000112d       0x51 ./Core/Src/main.o
 .debug_macro   0x0000117e      0x103 ./Core/Src/main.o
 .debug_macro   0x00001281       0x6a ./Core/Src/main.o
 .debug_macro   0x000012eb      0x1df ./Core/Src/main.o
 .debug_macro   0x000014ca       0x1c ./Core/Src/main.o
 .debug_macro   0x000014e6       0x22 ./Core/Src/main.o
 .debug_macro   0x00001508       0xfb ./Core/Src/main.o
 .debug_macro   0x00001603     0x1305 ./Core/Src/main.o
 .debug_macro   0x00002908      0x11f ./Core/Src/main.o
 .debug_macro   0x00002a27       0x27 ./Core/Src/main.o
 .debug_macro   0x00002a4e    0x216c1 ./Core/Src/main.o
 .debug_macro   0x0002410f       0x6d ./Core/Src/main.o
 .debug_macro   0x0002417c     0x3d64 ./Core/Src/main.o
 .debug_macro   0x00027ee0      0x190 ./Core/Src/main.o
 .debug_macro   0x00028070       0x61 ./Core/Src/main.o
 .debug_macro   0x000280d1       0x29 ./Core/Src/main.o
 .debug_macro   0x000280fa       0x43 ./Core/Src/main.o
 .debug_macro   0x0002813d       0x34 ./Core/Src/main.o
 .debug_macro   0x00028171      0x370 ./Core/Src/main.o
 .debug_macro   0x000284e1       0x16 ./Core/Src/main.o
 .debug_macro   0x000284f7       0x4a ./Core/Src/main.o
 .debug_macro   0x00028541       0x34 ./Core/Src/main.o
 .debug_macro   0x00028575       0x10 ./Core/Src/main.o
 .debug_macro   0x00028585       0x58 ./Core/Src/main.o
 .debug_macro   0x000285dd       0x8e ./Core/Src/main.o
 .debug_macro   0x0002866b       0x1c ./Core/Src/main.o
 .debug_macro   0x00028687      0x185 ./Core/Src/main.o
 .debug_macro   0x0002880c      0x19b ./Core/Src/main.o
 .debug_macro   0x000289a7       0x5d ./Core/Src/main.o
 .debug_macro   0x00028a04     0x2462 ./Core/Src/main.o
 .debug_macro   0x0002ae66     0x1079 ./Core/Src/main.o
 .debug_macro   0x0002bedf      0x154 ./Core/Src/main.o
 .debug_macro   0x0002c033      0x114 ./Core/Src/main.o
 .debug_macro   0x0002c147      0x3fc ./Core/Src/main.o
 .debug_macro   0x0002c543       0xac ./Core/Src/main.o
 .debug_macro   0x0002c5ef      0x788 ./Core/Src/main.o
 .debug_macro   0x0002cd77      0x228 ./Core/Src/main.o
 .debug_macro   0x0002cf9f       0x66 ./Core/Src/main.o
 .debug_macro   0x0002d005      0x3a6 ./Core/Src/main.o
 .debug_macro   0x0002d3ab      0x3f9 ./Core/Src/main.o
 .debug_macro   0x0002d7a4      0x275 ./Core/Src/main.o
 .debug_macro   0x0002da19      0x3ca ./Core/Src/main.o
 .debug_macro   0x0002dde3      0x45c ./Core/Src/main.o
 .debug_macro   0x0002e23f       0x3c ./Core/Src/main.o
 .debug_macro   0x0002e27b       0x4a ./Core/Src/main.o
 .debug_macro   0x0002e2c5      0x22c ./Core/Src/main.o
 .debug_macro   0x0002e4f1       0x67 ./Core/Src/main.o
 .debug_macro   0x0002e558       0xa5 ./Core/Src/main.o
 .debug_macro   0x0002e5fd      0x1c4 ./Core/Src/main.o
 .debug_macro   0x0002e7c1      0x22a ./Core/Src/main.o
 .debug_macro   0x0002e9eb       0x35 ./Core/Src/main.o
 .debug_macro   0x0002ea20      0xb24 ./Core/Src/main.o
 .debug_macro   0x0002f544      0x29f ./Core/Src/main.o
 .debug_macro   0x0002f7e3      0x693 ./Core/Src/main.o
 .debug_macro   0x0002fe76       0xa6 ./Core/Src/main.o
 .debug_macro   0x0002ff1c      0x5f2 ./Core/Src/main.o
 .debug_macro   0x0003050e       0x1c ./Core/Src/main.o
 .debug_macro   0x0003052a       0x3c ./Core/Src/main.o
 .debug_macro   0x00030566       0x10 ./Core/Src/main.o
 .debug_macro   0x00030576       0x1c ./Core/Src/main.o
 .debug_macro   0x00030592       0x16 ./Core/Src/main.o
 .debug_macro   0x000305a8      0x146 ./Core/Src/main.o
 .debug_macro   0x000306ee      0x2b2 ./Core/Src/stm32h7xx_hal_msp.o
 .debug_macro   0x000309a0      0x2bc ./Core/Src/stm32h7xx_it.o
 .debug_macro   0x00030c5c      0x274 ./Core/Src/syscalls.o
 .debug_macro   0x00030ed0       0x5b ./Core/Src/syscalls.o
 .debug_macro   0x00030f2b       0x94 ./Core/Src/syscalls.o
 .debug_macro   0x00030fbf       0x57 ./Core/Src/syscalls.o
 .debug_macro   0x00031016       0x10 ./Core/Src/syscalls.o
 .debug_macro   0x00031026       0x10 ./Core/Src/syscalls.o
 .debug_macro   0x00031036       0x10 ./Core/Src/syscalls.o
 .debug_macro   0x00031046       0x10 ./Core/Src/syscalls.o
 .debug_macro   0x00031056       0x1c ./Core/Src/syscalls.o
 .debug_macro   0x00031072       0x52 ./Core/Src/syscalls.o
 .debug_macro   0x000310c4       0x22 ./Core/Src/syscalls.o
 .debug_macro   0x000310e6       0x10 ./Core/Src/syscalls.o
 .debug_macro   0x000310f6       0x52 ./Core/Src/syscalls.o
 .debug_macro   0x00031148       0xcf ./Core/Src/syscalls.o
 .debug_macro   0x00031217       0x1c ./Core/Src/syscalls.o
 .debug_macro   0x00031233       0x3d ./Core/Src/syscalls.o
 .debug_macro   0x00031270       0x35 ./Core/Src/syscalls.o
 .debug_macro   0x000312a5      0x12c ./Core/Src/syscalls.o
 .debug_macro   0x000313d1       0x16 ./Core/Src/syscalls.o
 .debug_macro   0x000313e7       0x16 ./Core/Src/syscalls.o
 .debug_macro   0x000313fd       0x29 ./Core/Src/syscalls.o
 .debug_macro   0x00031426       0x10 ./Core/Src/syscalls.o
 .debug_macro   0x00031436      0x242 ./Core/Src/syscalls.o
 .debug_macro   0x00031678       0x10 ./Core/Src/syscalls.o
 .debug_macro   0x00031688      0x18a ./Core/Src/syscalls.o
 .debug_macro   0x00031812       0x16 ./Core/Src/syscalls.o
 .debug_macro   0x00031828       0xce ./Core/Src/syscalls.o
 .debug_macro   0x000318f6      0x112 ./Core/Src/sysmem.o
 .debug_macro   0x00031a08      0x23c ./Core/Src/sysmem.o
 .debug_macro   0x00031c44      0x2a8 ./Core/Src/system_stm32h7xx.o
 .debug_macro   0x00031eec      0x2d2 ./Drivers/STM32H7xx_HAL_Driver/Src/stm32h7xx_hal.o
 .debug_macro   0x000321be      0x2a8 ./Drivers/STM32H7xx_HAL_Driver/Src/stm32h7xx_hal_cortex.o
 .debug_macro   0x00032466      0x2fc ./Drivers/STM32H7xx_HAL_Driver/Src/stm32h7xx_hal_dma.o
 .debug_macro   0x00032762      0x2af ./Drivers/STM32H7xx_HAL_Driver/Src/stm32h7xx_hal_gpio.o
 .debug_macro   0x00032a11      0x2e1 ./Drivers/STM32H7xx_HAL_Driver/Src/stm32h7xx_hal_pwr_ex.o
 .debug_macro   0x00032cf2      0x2cc ./Drivers/STM32H7xx_HAL_Driver/Src/stm32h7xx_hal_rcc.o
 .debug_macro   0x00032fbe      0x2c6 ./Drivers/STM32H7xx_HAL_Driver/Src/stm32h7xx_hal_rcc_ex.o
 .debug_macro   0x00033284      0x2a9 ./Drivers/STM32H7xx_HAL_Driver/Src/stm32h7xx_hal_tim.o
 .debug_macro   0x0003352d      0x2ae ./Drivers/STM32H7xx_HAL_Driver/Src/stm32h7xx_hal_tim_ex.o
 .debug_macro   0x000337db      0x2d3 ./Drivers/STM32H7xx_HAL_Driver/Src/stm32h7xx_hal_uart.o
 .debug_macro   0x00033aae      0x2b4 ./Drivers/STM32H7xx_HAL_Driver/Src/stm32h7xx_hal_uart_ex.o

.debug_line     0x00000000    0x18ffe
 .debug_line    0x00000000      0xca8 ./Core/Src/main.o
 .debug_line    0x00000ca8      0xb5b ./Core/Src/stm32h7xx_hal_msp.o
 .debug_line    0x00001803      0xb45 ./Core/Src/stm32h7xx_it.o
 .debug_line    0x00002348      0xa50 ./Core/Src/syscalls.o
 .debug_line    0x00002d98      0x72c ./Core/Src/sysmem.o
 .debug_line    0x000034c4      0xc72 ./Core/Src/system_stm32h7xx.o
 .debug_line    0x00004136       0x7b ./Core/Startup/startup_stm32h723zgtx.o
 .debug_line    0x000041b1     0x10e7 ./Drivers/STM32H7xx_HAL_Driver/Src/stm32h7xx_hal.o
 .debug_line    0x00005298     0x1040 ./Drivers/STM32H7xx_HAL_Driver/Src/stm32h7xx_hal_cortex.o
 .debug_line    0x000062d8     0x29da ./Drivers/STM32H7xx_HAL_Driver/Src/stm32h7xx_hal_dma.o
 .debug_line    0x00008cb2      0xecb ./Drivers/STM32H7xx_HAL_Driver/Src/stm32h7xx_hal_gpio.o
 .debug_line    0x00009b7d     0x1125 ./Drivers/STM32H7xx_HAL_Driver/Src/stm32h7xx_hal_pwr_ex.o
 .debug_line    0x0000aca2     0x1664 ./Drivers/STM32H7xx_HAL_Driver/Src/stm32h7xx_hal_rcc.o
 .debug_line    0x0000c306     0x1f18 ./Drivers/STM32H7xx_HAL_Driver/Src/stm32h7xx_hal_rcc_ex.o
 .debug_line    0x0000e21e     0x4236 ./Drivers/STM32H7xx_HAL_Driver/Src/stm32h7xx_hal_tim.o
 .debug_line    0x00012454     0x2074 ./Drivers/STM32H7xx_HAL_Driver/Src/stm32h7xx_hal_tim_ex.o
 .debug_line    0x000144c8     0x3b4a ./Drivers/STM32H7xx_HAL_Driver/Src/stm32h7xx_hal_uart.o
 .debug_line    0x00018012      0xfec ./Drivers/STM32H7xx_HAL_Driver/Src/stm32h7xx_hal_uart_ex.o

.debug_str      0x00000000   0x14f532
 .debug_str     0x00000000   0x14f532 ./Core/Src/main.o
                             0x148cf8 (size before relaxing)
 .debug_str     0x0014f532   0x147e0d ./Core/Src/stm32h7xx_hal_msp.o
 .debug_str     0x0014f532   0x147237 ./Core/Src/stm32h7xx_it.o
 .debug_str     0x0014f532     0x9a45 ./Core/Src/syscalls.o
 .debug_str     0x0014f532     0x77e3 ./Core/Src/sysmem.o
 .debug_str     0x0014f532   0x14735c ./Core/Src/system_stm32h7xx.o
 .debug_str     0x0014f532       0x87 ./Core/Startup/startup_stm32h723zgtx.o
 .debug_str     0x0014f532   0x1483a7 ./Drivers/STM32H7xx_HAL_Driver/Src/stm32h7xx_hal.o
 .debug_str     0x0014f532   0x147cc1 ./Drivers/STM32H7xx_HAL_Driver/Src/stm32h7xx_hal_cortex.o
 .debug_str     0x0014f532   0x147ad2 ./Drivers/STM32H7xx_HAL_Driver/Src/stm32h7xx_hal_dma.o
 .debug_str     0x0014f532   0x147368 ./Drivers/STM32H7xx_HAL_Driver/Src/stm32h7xx_hal_gpio.o
 .debug_str     0x0014f532   0x147770 ./Drivers/STM32H7xx_HAL_Driver/Src/stm32h7xx_hal_pwr_ex.o
 .debug_str     0x0014f532   0x1476eb ./Drivers/STM32H7xx_HAL_Driver/Src/stm32h7xx_hal_rcc.o
 .debug_str     0x0014f532   0x147c03 ./Drivers/STM32H7xx_HAL_Driver/Src/stm32h7xx_hal_rcc_ex.o
 .debug_str     0x0014f532   0x1484e9 ./Drivers/STM32H7xx_HAL_Driver/Src/stm32h7xx_hal_tim.o
 .debug_str     0x0014f532   0x147e96 ./Drivers/STM32H7xx_HAL_Driver/Src/stm32h7xx_hal_tim_ex.o
 .debug_str     0x0014f532   0x14828b ./Drivers/STM32H7xx_HAL_Driver/Src/stm32h7xx_hal_uart.o
 .debug_str     0x0014f532   0x14784b ./Drivers/STM32H7xx_HAL_Driver/Src/stm32h7xx_hal_uart_ex.o

.comment        0x00000000       0x43
 .comment       0x00000000       0x43 ./Core/Src/main.o
                                 0x44 (size before relaxing)
 .comment       0x00000043       0x44 ./Core/Src/stm32h7xx_hal_msp.o
 .comment       0x00000043       0x44 ./Core/Src/stm32h7xx_it.o
 .comment       0x00000043       0x44 ./Core/Src/syscalls.o
 .comment       0x00000043       0x44 ./Core/Src/sysmem.o
 .comment       0x00000043       0x44 ./Core/Src/system_stm32h7xx.o
 .comment       0x00000043       0x44 ./Drivers/STM32H7xx_HAL_Driver/Src/stm32h7xx_hal.o
 .comment       0x00000043       0x44 ./Drivers/STM32H7xx_HAL_Driver/Src/stm32h7xx_hal_cortex.o
 .comment       0x00000043       0x44 ./Drivers/STM32H7xx_HAL_Driver/Src/stm32h7xx_hal_dma.o
 .comment       0x00000043       0x44 ./Drivers/STM32H7xx_HAL_Driver/Src/stm32h7xx_hal_gpio.o
 .comment       0x00000043       0x44 ./Drivers/STM32H7xx_HAL_Driver/Src/stm32h7xx_hal_pwr_ex.o
 .comment       0x00000043       0x44 ./Drivers/STM32H7xx_HAL_Driver/Src/stm32h7xx_hal_rcc.o
 .comment       0x00000043       0x44 ./Drivers/STM32H7xx_HAL_Driver/Src/stm32h7xx_hal_rcc_ex.o
 .comment       0x00000043       0x44 ./Drivers/STM32H7xx_HAL_Driver/Src/stm32h7xx_hal_tim.o
 .comment       0x00000043       0x44 ./Drivers/STM32H7xx_HAL_Driver/Src/stm32h7xx_hal_tim_ex.o
 .comment       0x00000043       0x44 ./Drivers/STM32H7xx_HAL_Driver/Src/stm32h7xx_hal_uart.o
 .comment       0x00000043       0x44 ./Drivers/STM32H7xx_HAL_Driver/Src/stm32h7xx_hal_uart_ex.o

.debug_frame    0x00000000     0x5100
 .debug_frame   0x00000000      0x13c ./Core/Src/main.o
 .debug_frame   0x0000013c       0xcc ./Core/Src/stm32h7xx_hal_msp.o
 .debug_frame   0x00000208      0x120 ./Core/Src/stm32h7xx_it.o
 .debug_frame   0x00000328      0x2ac ./Core/Src/syscalls.o
 .debug_frame   0x000005d4       0x34 ./Core/Src/sysmem.o
 .debug_frame   0x00000608       0x78 ./Core/Src/system_stm32h7xx.o
 .debug_frame   0x00000680      0x760 ./Drivers/STM32H7xx_HAL_Driver/Src/stm32h7xx_hal.o
 .debug_frame   0x00000de0      0x508 ./Drivers/STM32H7xx_HAL_Driver/Src/stm32h7xx_hal_cortex.o
 .debug_frame   0x000012e8      0x2b4 ./Drivers/STM32H7xx_HAL_Driver/Src/stm32h7xx_hal_dma.o
 .debug_frame   0x0000159c      0x14c ./Drivers/STM32H7xx_HAL_Driver/Src/stm32h7xx_hal_gpio.o
 .debug_frame   0x000016e8      0x540 ./Drivers/STM32H7xx_HAL_Driver/Src/stm32h7xx_hal_pwr_ex.o
 .debug_frame   0x00001c28      0x1fc ./Drivers/STM32H7xx_HAL_Driver/Src/stm32h7xx_hal_rcc.o
 .debug_frame   0x00001e24      0x414 ./Drivers/STM32H7xx_HAL_Driver/Src/stm32h7xx_hal_rcc_ex.o
 .debug_frame   0x00002238     0x121c ./Drivers/STM32H7xx_HAL_Driver/Src/stm32h7xx_hal_tim.o
 .debug_frame   0x00003454      0x724 ./Drivers/STM32H7xx_HAL_Driver/Src/stm32h7xx_hal_tim_ex.o
 .debug_frame   0x00003b78      0xa94 ./Drivers/STM32H7xx_HAL_Driver/Src/stm32h7xx_hal_uart.o
 .debug_frame   0x0000460c      0x2c0 ./Drivers/STM32H7xx_HAL_Driver/Src/stm32h7xx_hal_uart_ex.o
 .debug_frame   0x000048cc      0x144 E:/STM32STUFF/stmSystem/STM32CubeIDE_1.18.1/STM32CubeIDE/plugins/com.st.stm32cube.ide.mcu.externaltools.gnu-tools-for-stm32.13.3.rel1.win32_1.0.0.202411081344/tools/bin/../lib/gcc/arm-none-eabi/13.3.1/../../../../arm-none-eabi/lib/thumb/v7e-m+dp/hard\libc_nano.a(libc_a-findfp.o)
 .debug_frame   0x00004a10       0x34 E:/STM32STUFF/stmSystem/STM32CubeIDE_1.18.1/STM32CubeIDE/plugins/com.st.stm32cube.ide.mcu.externaltools.gnu-tools-for-stm32.13.3.rel1.win32_1.0.0.202411081344/tools/bin/../lib/gcc/arm-none-eabi/13.3.1/../../../../arm-none-eabi/lib/thumb/v7e-m+dp/hard\libc_nano.a(libc_a-fwalk.o)
 .debug_frame   0x00004a44       0x6c E:/STM32STUFF/stmSystem/STM32CubeIDE_1.18.1/STM32CubeIDE/plugins/com.st.stm32cube.ide.mcu.externaltools.gnu-tools-for-stm32.13.3.rel1.win32_1.0.0.202411081344/tools/bin/../lib/gcc/arm-none-eabi/13.3.1/../../../../arm-none-eabi/lib/thumb/v7e-m+dp/hard\libc_nano.a(libc_a-printf.o)
 .debug_frame   0x00004ab0       0x88 E:/STM32STUFF/stmSystem/STM32CubeIDE_1.18.1/STM32CubeIDE/plugins/com.st.stm32cube.ide.mcu.externaltools.gnu-tools-for-stm32.13.3.rel1.win32_1.0.0.202411081344/tools/bin/../lib/gcc/arm-none-eabi/13.3.1/../../../../arm-none-eabi/lib/thumb/v7e-m+dp/hard\libc_nano.a(libc_a-stdio.o)