22:20:13 **** Incremental Build of configuration Debug for project dataAndCommsExperiments ****
make -j8 all 
arm-none-eabi-gcc "../Core/Src/main.c" -mcpu=cortex-m7 -std=gnu11 -g3 -DDEBUG -DUSE_PWR_LDO_SUPPLY -DUSE_HAL_DRIVER -DSTM32H723xx -c -I../Core/Inc -I../Drivers/STM32H7xx_HAL_Driver/Inc -I../Drivers/STM32H7xx_HAL_Driver/Inc/Legacy -I../Drivers/CMSIS/Device/ST/STM32H7xx/Include -I../Drivers/CMSIS/Include -O0 -ffunction-sections -fdata-sections -Wall -fstack-usage -fcyclomatic-complexity -MMD -MP -MF"Core/Src/main.d" -MT"Core/Src/main.o" --specs=nano.specs -mfpu=fpv5-d16 -mfloat-abi=hard -mthumb -o "Core/Src/main.o"
../Core/Src/main.c: In function 'main':
../Core/Src/main.c:115:11: warning: implicit declaration of function 'HAL_delay'; did you mean 'HAL_Delay'? [-Wimplicit-function-declaration]
  115 |           HAL_delay(1);
      |           ^~~~~~~~~
      |           HAL_Delay
arm-none-eabi-gcc -o "dataAndCommsExperiments.elf" @"objects.list"   -mcpu=cortex-m7 -T"E:\STM32STUFF\dataAndCommExperiments\dataAndCommsExperiments\STM32H723ZGTX_FLASH.ld" --specs=nosys.specs -Wl,-Map="dataAndCommsExperiments.map" -Wl,--gc-sections -static --specs=nano.specs -mfpu=fpv5-d16 -mfloat-abi=hard -mthumb -Wl,--start-group -lc -lm -Wl,--end-group
E:/STM32STUFF/stmSystem/STM32CubeIDE_1.18.1/STM32CubeIDE/plugins/com.st.stm32cube.ide.mcu.externaltools.gnu-tools-for-stm32.13.3.rel1.win32_1.0.0.202411081344/tools/bin/../lib/gcc/arm-none-eabi/13.3.1/../../../../arm-none-eabi/bin/ld.exe: ./Core/Src/main.o: in function `main':
E:/STM32STUFF/dataAndCommExperiments/dataAndCommsExperiments/Debug/../Core/Src/main.c:115:(.text.main+0x34): undefined reference to `HAL_delay'
collect2.exe: error: ld returned 1 exit status
make: *** [makefile:64: dataAndCommsExperiments.elf] Error 1
"make -j8 all" terminated with exit code 2. Build might be incomplete.
22:20:27 **** Incremental Build of configuration Debug for project dataAndCommsExperiments ****
make -j8 all 
arm-none-eabi-gcc "../Core/Src/main.c" -mcpu=cortex-m7 -std=gnu11 -g3 -DDEBUG -DUSE_PWR_LDO_SUPPLY -DUSE_HAL_DRIVER -DSTM32H723xx -c -I../Core/Inc -I../Drivers/STM32H7xx_HAL_Driver/Inc -I../Drivers/STM32H7xx_HAL_Driver/Inc/Legacy -I../Drivers/CMSIS/Device/ST/STM32H7xx/Include -I../Drivers/CMSIS/Include -O0 -ffunction-sections -fdata-sections -Wall -fstack-usage -fcyclomatic-complexity -MMD -MP -MF"Core/Src/main.d" -MT"Core/Src/main.o" --specs=nano.specs -mfpu=fpv5-d16 -mfloat-abi=hard -mthumb -o "Core/Src/main.o"
arm-none-eabi-gcc -o "dataAndCommsExperiments.elf" @"objects.list"   -mcpu=cortex-m7 -T"E:\STM32STUFF\dataAndCommExperiments\dataAndCommsExperiments\STM32H723ZGTX_FLASH.ld" --specs=nosys.specs -Wl,-Map="dataAndCommsExperiments.map" -Wl,--gc-sections -static --specs=nano.specs -mfpu=fpv5-d16 -mfloat-abi=hard -mthumb -Wl,--start-group -lc -lm -Wl,--end-group
Finished building target: dataAndCommsExperiments.elf
 
arm-none-eabi-size  dataAndCommsExperiments.elf 
arm-none-eabi-objdump -h -S dataAndCommsExperiments.elf  > "dataAndCommsExperiments.list"
   text	   data	    bss	    dec	    hex	filename
  34056	    108	   2260	  36424	   8e48	dataAndCommsExperiments.elf
Finished building: default.size.stdout
 
Finished building: dataAndCommsExperiments.list
 
22:21:41 **** Incremental Build of configuration Debug for project dataAndCommsExperiments ****
make -j8 all 
arm-none-eabi-size  dataAndCommsExperiments.elf 
   text	   data	    bss	    dec	    hex	filename
  34056	    108	   2260	  36424	   8e48	dataAndCommsExperiments.elf
Finished building: default.size.stdout
 
22:22:36 **** Incremental Build of configuration Debug for project dataAndCommsExperiments ****
make -j8 all 
arm-none-eabi-gcc "../Core/Src/main.c" -mcpu=cortex-m7 -std=gnu11 -g3 -DDEBUG -DUSE_PWR_LDO_SUPPLY -DUSE_HAL_DRIVER -DSTM32H723xx -c -I../Core/Inc -I../Drivers/STM32H7xx_HAL_Driver/Inc -I../Drivers/STM32H7xx_HAL_Driver/Inc/Legacy -I../Drivers/CMSIS/Device/ST/STM32H7xx/Include -I../Drivers/CMSIS/Include -O0 -ffunction-sections -fdata-sections -Wall -fstack-usage -fcyclomatic-complexity -MMD -MP -MF"Core/Src/main.d" -MT"Core/Src/main.o" --specs=nano.specs -mfpu=fpv5-d16 -mfloat-abi=hard -mthumb -o "Core/Src/main.o"
arm-none-eabi-gcc -o "dataAndCommsExperiments.elf" @"objects.list"   -mcpu=cortex-m7 -T"E:\STM32STUFF\dataAndCommExperiments\dataAndCommsExperiments\STM32H723ZGTX_FLASH.ld" --specs=nosys.specs -Wl,-Map="dataAndCommsExperiments.map" -Wl,--gc-sections -static --specs=nano.specs -mfpu=fpv5-d16 -mfloat-abi=hard -mthumb -Wl,--start-group -lc -lm -Wl,--end-group
Finished building target: dataAndCommsExperiments.elf
 
arm-none-eabi-size  dataAndCommsExperiments.elf 
arm-none-eabi-objdump -h -S dataAndCommsExperiments.elf  > "dataAndCommsExperiments.list"
   text	   data	    bss	    dec	    hex	filename
  34056	    108	   2260	  36424	   8e48	dataAndCommsExperiments.elf
Finished building: default.size.stdout
 
Finished building: dataAndCommsExperiments.list
 
