13:02:10 **** Incremental Build of configuration Debug for project schoolPotProject ****
make -j8 all 
arm-none-eabi-gcc "../Core/Src/main.c" -mcpu=cortex-m7 -std=gnu11 -g3 -DDEBUG -DUSE_PWR_LDO_SUPPLY -DUSE_HAL_DRIVER -DSTM32H723xx -c -I../Core/Inc -I../Drivers/STM32H7xx_HAL_Driver/Inc -I../Drivers/STM32H7xx_HAL_Driver/Inc/Legacy -I../Drivers/CMSIS/Device/ST/STM32H7xx/Include -I../Drivers/CMSIS/Include -I"E:/STM32STUFF/STM32 custom libraries/QOL stuff/Inc" -O0 -ffunction-sections -fdata-sections -Wall -fstack-usage -fcyclomatic-complexity -MMD -MP -MF"Core/Src/main.d" -MT"Core/Src/main.o" --specs=nano.specs -mfpu=fpv5-d16 -mfloat-abi=hard -mthumb -o "Core/Src/main.o"
arm-none-eabi-gcc -o "schoolPotProject.elf" @"objects.list"   -mcpu=cortex-m7 -T"E:\STM32STUFF\dataAndCommExperiments\schoolPotProject\STM32H723ZGTX_FLASH.ld" --specs=nosys.specs -Wl,-Map="schoolPotProject.map" -Wl,--gc-sections -static --specs=nano.specs -mfpu=fpv5-d16 -mfloat-abi=hard -mthumb -u _printf_float -Wl,--start-group -lc -lm -Wl,--end-group
Finished building target: schoolPotProject.elf
 
arm-none-eabi-size  schoolPotProject.elf 
arm-none-eabi-objdump -h -S schoolPotProject.elf  > "schoolPotProject.list"
   text	   data	    bss	    dec	    hex	filename
  46692	    488	   2168	  49348	   c0c4	schoolPotProject.elf
Finished building: default.size.stdout
 
Finished building: schoolPotProject.list
 

13:02:11 Build Finished. 0 errors, 0 warnings. (took 1s.362ms)

