23:44:33 **** Incremental Build of configuration Debug for project schoolPotProject ****
make -j8 all 
arm-none-eabi-gcc "../Core/Src/main.c" -mcpu=cortex-m7 -std=gnu11 -g3 -DDEBUG -DUSE_PWR_LDO_SUPPLY -DUSE_HAL_DRIVER -DSTM32H723xx -c -I../Core/Inc -I../Drivers/STM32H7xx_HAL_Driver/Inc -I../Drivers/STM32H7xx_HAL_Driver/Inc/Legacy -I../Drivers/CMSIS/Device/ST/STM32H7xx/Include -I../Drivers/CMSIS/Include -I"E:/STM32STUFF/STM32 custom libraries/QOL stuff/Inc" -O0 -ffunction-sections -fdata-sections -Wall -fstack-usage -fcyclomatic-complexity -MMD -MP -MF"Core/Src/main.d" -MT"Core/Src/main.o" --specs=nano.specs -mfpu=fpv5-d16 -mfloat-abi=hard -mthumb -o "Core/Src/main.o"
../Core/Src/main.c: In function 'readXVal':
../Core/Src/main.c:380:37: warning: unused variable 'mvXPwr' [-Wunused-variable]
  380 |                         long double mvXPwr = (long double)pXAvg * 3300.0 / 65535.0;
      |                                     ^~~~~~
../Core/Src/main.c:379:37: warning: unused variable 'mvXVal' [-Wunused-variable]
  379 |                         long double mvXVal = (long double)xAvg * 3300.0 / 65535.0;
      |                                     ^~~~~~
arm-none-eabi-gcc -o "schoolPotProject.elf" @"objects.list"   -mcpu=cortex-m7 -T"E:\STM32STUFF\dataAndCommExperiments\schoolPotProject\STM32H723ZGTX_FLASH.ld" --specs=nosys.specs -Wl,-Map="schoolPotProject.map" -Wl,--gc-sections -static --specs=nano.specs -mfpu=fpv5-d16 -mfloat-abi=hard -mthumb -u _printf_float -Wl,--start-group -lc -lm -Wl,--end-group
Finished building target: schoolPotProject.elf
 
arm-none-eabi-size  schoolPotProject.elf 
arm-none-eabi-objdump -h -S schoolPotProject.elf  > "schoolPotProject.list"
   text	   data	    bss	    dec	    hex	filename
  45168	    484	   2164	  47816	   bac8	schoolPotProject.elf
Finished building: default.size.stdout
 
Finished building: schoolPotProject.list
 

23:44:35 Build Finished. 0 errors, 2 warnings. (took 1s.392ms)

